[    0.000000] Linux version 5.11.10-200.fc33.x86_64 (mockbuild@bkernel01.iad2.fedoraproject.org) (gcc (GCC) 10.2.1 20201125 (Red Hat 10.2.1-9), GNU ld version 2.35-18.fc33) #1 SMP Thu Mar 25 16:51:31 UTC 2021
[    0.000000] Command line: BOOT_IMAGE=(hd0,gpt2)/vmlinuz-5.11.10-200.fc33.x86_64 root=UUID=f14d3789-ae1d-4e5a-b8f9-6f9096d5d1ca ro rootflags=subvol=root rhgb quiet iommu=relaxed
[    0.000000] x86/fpu: Supporting XSAVE feature 0x001: 'x87 floating point registers'
[    0.000000] x86/fpu: Supporting XSAVE feature 0x002: 'SSE registers'
[    0.000000] x86/fpu: Supporting XSAVE feature 0x004: 'AVX registers'
[    0.000000] x86/fpu: xstate_offset[2]:  576, xstate_sizes[2]:  256
[    0.000000] x86/fpu: Enabled xstate features 0x7, context size is 832 bytes, using 'standard' format.
[    0.000000] BIOS-provided physical RAM map:
[    0.000000] BIOS-e820: [mem 0x0000000000000000-0x000000000009ffff] usable
[    0.000000] BIOS-e820: [mem 0x0000000000100000-0x000000009c8fefff] usable
[    0.000000] BIOS-e820: [mem 0x000000009c8ff000-0x000000009c92efff] reserved
[    0.000000] BIOS-e820: [mem 0x000000009c92f000-0x000000009ca5dfff] usable
[    0.000000] BIOS-e820: [mem 0x000000009ca5e000-0x000000009cf53fff] ACPI NVS
[    0.000000] BIOS-e820: [mem 0x000000009cf54000-0x000000009e1c6fff] reserved
[    0.000000] BIOS-e820: [mem 0x000000009e1c7000-0x000000009e1c7fff] usable
[    0.000000] BIOS-e820: [mem 0x000000009e1c8000-0x000000009e1cffff] ACPI NVS
[    0.000000] BIOS-e820: [mem 0x000000009e1d0000-0x000000009e31cfff] usable
[    0.000000] BIOS-e820: [mem 0x000000009e31d000-0x000000009ec2dfff] reserved
[    0.000000] BIOS-e820: [mem 0x000000009ec2e000-0x000000009ec70fff] usable
[    0.000000] BIOS-e820: [mem 0x000000009ec71000-0x000000009eff1fff] reserved
[    0.000000] BIOS-e820: [mem 0x000000009eff2000-0x000000009effffff] usable
[    0.000000] BIOS-e820: [mem 0x00000000fec00000-0x00000000fec01fff] reserved
[    0.000000] BIOS-e820: [mem 0x00000000fec10000-0x00000000fec10fff] reserved
[    0.000000] BIOS-e820: [mem 0x00000000fed00000-0x00000000fed00fff] reserved
[    0.000000] BIOS-e820: [mem 0x00000000fed40000-0x00000000fed44fff] reserved
[    0.000000] BIOS-e820: [mem 0x00000000fed80000-0x00000000fed8ffff] reserved
[    0.000000] BIOS-e820: [mem 0x00000000ff010000-0x00000000ffffffff] reserved
[    0.000000] BIOS-e820: [mem 0x0000000100001000-0x000000023effffff] usable
[    0.000000] NX (Execute Disable) protection: active
[    0.000000] e820: update [mem 0x8cefc018-0x8cf0aa57] usable ==> usable
[    0.000000] e820: update [mem 0x8cefc018-0x8cf0aa57] usable ==> usable
[    0.000000] extended physical RAM map:
[    0.000000] reserve setup_data: [mem 0x0000000000000000-0x000000000009ffff] usable
[    0.000000] reserve setup_data: [mem 0x0000000000100000-0x000000008cefc017] usable
[    0.000000] reserve setup_data: [mem 0x000000008cefc018-0x000000008cf0aa57] usable
[    0.000000] reserve setup_data: [mem 0x000000008cf0aa58-0x000000009c8fefff] usable
[    0.000000] reserve setup_data: [mem 0x000000009c8ff000-0x000000009c92efff] reserved
[    0.000000] reserve setup_data: [mem 0x000000009c92f000-0x000000009ca5dfff] usable
[    0.000000] reserve setup_data: [mem 0x000000009ca5e000-0x000000009cf53fff] ACPI NVS
[    0.000000] reserve setup_data: [mem 0x000000009cf54000-0x000000009e1c6fff] reserved
[    0.000000] reserve setup_data: [mem 0x000000009e1c7000-0x000000009e1c7fff] usable
[    0.000000] reserve setup_data: [mem 0x000000009e1c8000-0x000000009e1cffff] ACPI NVS
[    0.000000] reserve setup_data: [mem 0x000000009e1d0000-0x000000009e31cfff] usable
[    0.000000] reserve setup_data: [mem 0x000000009e31d000-0x000000009ec2dfff] reserved
[    0.000000] reserve setup_data: [mem 0x000000009ec2e000-0x000000009ec70fff] usable
[    0.000000] reserve setup_data: [mem 0x000000009ec71000-0x000000009eff1fff] reserved
[    0.000000] reserve setup_data: [mem 0x000000009eff2000-0x000000009effffff] usable
[    0.000000] reserve setup_data: [mem 0x00000000fec00000-0x00000000fec01fff] reserved
[    0.000000] reserve setup_data: [mem 0x00000000fec10000-0x00000000fec10fff] reserved
[    0.000000] reserve setup_data: [mem 0x00000000fed00000-0x00000000fed00fff] reserved
[    0.000000] reserve setup_data: [mem 0x00000000fed40000-0x00000000fed44fff] reserved
[    0.000000] reserve setup_data: [mem 0x00000000fed80000-0x00000000fed8ffff] reserved
[    0.000000] reserve setup_data: [mem 0x00000000ff010000-0x00000000ffffffff] reserved
[    0.000000] reserve setup_data: [mem 0x0000000100001000-0x000000023effffff] usable
[    0.000000] efi: EFI v2.31 by American Megatrends
[    0.000000] efi: ACPI=0x9cae2000 ACPI 2.0=0x9cae2000 SMBIOS=0x9e181a18 
[    0.000000] secureboot: Secure boot enabled
[    0.000000] Kernel is locked down from EFI Secure Boot mode; see man kernel_lockdown.7
[    0.000000] SMBIOS 2.7 present.
[    0.000000] DMI: TOSHIBA SATELLITE M50D-A/ZEMAE, BIOS 1.40 06/30/2014
[    0.000000] tsc: Fast TSC calibration using PIT
[    0.000000] tsc: Detected 1497.119 MHz processor
[    0.000201] e820: update [mem 0x00000000-0x00000fff] usable ==> reserved
[    0.000213] e820: remove [mem 0x000a0000-0x000fffff] usable
[    0.000231] last_pfn = 0x23f000 max_arch_pfn = 0x400000000
[    0.000241] MTRR default type: uncachable
[    0.000245] MTRR fixed ranges enabled:
[    0.000249]   00000-9FFFF write-back
[    0.000254]   A0000-BFFFF write-through
[    0.000259]   C0000-DFFFF uncachable
[    0.000263]   E0000-FFFFF write-protect
[    0.000267] MTRR variable ranges enabled:
[    0.000270]   0 base 0000000000 mask FF80000000 write-back
[    0.000276]   1 base 0080000000 mask FFE0000000 write-back
[    0.000282]   2 base 009F000000 mask FFFF000000 uncachable
[    0.000288]   3 disabled
[    0.000291]   4 disabled
[    0.000294]   5 disabled
[    0.000296]   6 disabled
[    0.000299]   7 disabled
[    0.000302] TOM2: 000000023f000000 aka 9200M
[    0.000815] x86/PAT: Configuration [0-7]: WB  WC  UC- UC  WB  WP  UC- WT  
[    0.001170] e820: update [mem 0x9f000000-0xffffffff] usable ==> reserved
[    0.001196] last_pfn = 0x9f000 max_arch_pfn = 0x400000000
[    0.012450] Using GB pages for direct mapping
[    0.015154] secureboot: Secure boot enabled
[    0.015158] RAMDISK: [mem 0x5a10a000-0x5cab5fff]
[    0.015177] ACPI: Early table checksum verification disabled
[    0.015185] ACPI: RSDP 0x000000009CAE2000 000024 (v02 TOSCPL)
[    0.015197] ACPI: XSDT 0x000000009CAE2098 0000AC (v01 TOSCPL TOSCPL00 01072009 AMI  00010013)
[    0.015213] ACPI: FACP 0x000000009CAF0B00 00010C (v05 TOSCPL TOSCPL00 01072009 AMI  00010013)
[    0.015227] ACPI BIOS Warning (bug): Optional FADT field Pm2ControlBlock has valid Length but zero Address: 0x0000000000000000/0x1 (20201113/tbfadt-615)
[    0.015241] ACPI: DSDT 0x000000009CAE21D8 00E926 (v02 TOSCPL TOSCPL00 00000000 INTL 20051117)
[    0.015252] ACPI: FACS 0x000000009CF4A080 000040
[    0.015262] ACPI: APIC 0x000000009CAF0C10 00007E (v03 TOSCPL TOSCPL00 01072009 AMI  00010013)
[    0.015272] ACPI: FPDT 0x000000009CAF0C90 000044 (v01 TOSCPL TOSCPL00 01072009 AMI  00010013)
[    0.015283] ACPI: MCFG 0x000000009CAF0CD8 00003C (v01 TOSCPL TOSCPL00 01072009 MSFT 00010013)
[    0.015293] ACPI: SLIC 0x000000009CAF0D18 000176 (v01 TOSCPL TOSCPL00 01072009 AMI  00010013)
[    0.015304] ACPI: HPET 0x000000009CAF0E90 000038 (v01 TOSCPL TOSCPL00 01072009 AMI  00000005)
[    0.015314] ACPI: VFCT 0x000000009CAF0EC8 00EA84 (v01 TOSCPL TOSCPL00 00000001 AMD  31504F47)
[    0.015325] ACPI: BGRT 0x000000009CAFF950 000038 (v00 TOSCPL TOSCPL00 01072009 AMI  00010013)
[    0.015336] ACPI: SSDT 0x000000009CAFF988 000B10 (v01 AMD    AGESA    00000001 AMD  00000001)
[    0.015346] ACPI: SSDT 0x000000009CB00498 0046D1 (v02 AMD    AGESA    00000002 MSFT 04000000)
[    0.015357] ACPI: CRAT 0x000000009CB04B70 0003F8 (v01 AMD    AGESA    00000001 AMD  00000001)
[    0.015368] ACPI: SSDT 0x000000009CB04F68 000177 (v01 AMD    CPMEC    00000001 INTL 20051117)
[    0.015378] ACPI: SSDT 0x000000009CB050E0 0013CA (v01 AMD    CPMDFIGP 00000001 INTL 20051117)
[    0.015389] ACPI: SSDT 0x000000009CB064B0 00008C (v01 AMD    CPMDFMOT 00000001 INTL 20051117)
[    0.015399] ACPI: SSDT 0x000000009CB06540 0010E8 (v01 AMD    CPMCMN   00000001 INTL 20051117)
[    0.015409] ACPI: SSDT 0x000000009CB07628 000662 (v01 AMD    CPMADPS4 00000001 INTL 20051117)
[    0.015419] ACPI: SSDT 0x000000009CB07C90 000D40 (v01 AMD    CPMZPODD 00000001 INTL 20051117)
[    0.015441] ACPI: Local APIC address 0xfee00000
[    0.015536] No NUMA configuration found
[    0.015539] Faking a node at [mem 0x0000000000000000-0x000000023effffff]
[    0.015565] NODE_DATA(0) allocated [mem 0x23efd3000-0x23effdfff]
[    0.055910] Zone ranges:
[    0.055922]   DMA      [mem 0x0000000000001000-0x0000000000ffffff]
[    0.055931]   DMA32    [mem 0x0000000001000000-0x00000000ffffffff]
[    0.055937]   Normal   [mem 0x0000000100000000-0x000000023effffff]
[    0.055943]   Device   empty
[    0.055947] Movable zone start for each node
[    0.055953] Early memory node ranges
[    0.055955]   node   0: [mem 0x0000000000001000-0x000000000009ffff]
[    0.055960]   node   0: [mem 0x0000000000100000-0x000000009c8fefff]
[    0.055964]   node   0: [mem 0x000000009c92f000-0x000000009ca5dfff]
[    0.055968]   node   0: [mem 0x000000009e1c7000-0x000000009e1c7fff]
[    0.055971]   node   0: [mem 0x000000009e1d0000-0x000000009e31cfff]
[    0.055974]   node   0: [mem 0x000000009ec2e000-0x000000009ec70fff]
[    0.055978]   node   0: [mem 0x000000009eff2000-0x000000009effffff]
[    0.055981]   node   0: [mem 0x0000000100001000-0x000000023effffff]
[    0.055988] Initmem setup node 0 [mem 0x0000000000001000-0x000000023effffff]
[    0.055995] On node 0 totalpages: 1948523
[    0.056000]   DMA zone: 64 pages used for memmap
[    0.056003]   DMA zone: 22 pages reserved
[    0.056006]   DMA zone: 3999 pages, LIFO batch:0
[    0.057021]   DMA zone: 28769 pages in unavailable ranges
[    0.057037]   DMA32 zone: 9968 pages used for memmap
[    0.057041]   DMA32 zone: 637901 pages, LIFO batch:63
[    0.070516]   DMA32 zone: 13363 pages in unavailable ranges
[    0.070534]   Normal zone: 20416 pages used for memmap
[    0.070538]   Normal zone: 1306623 pages, LIFO batch:63
[    0.097724]   Normal zone: 4097 pages in unavailable ranges
[    0.097826] ACPI: PM-Timer IO Port: 0x808
[    0.097832] ACPI: Local APIC address 0xfee00000
[    0.097850] ACPI: LAPIC_NMI (acpi_id[0xff] high edge lint[0x1])
[    0.097864] IOAPIC[0]: apic_id 5, version 33, address 0xfec00000, GSI 0-23
[    0.097875] IOAPIC[1]: apic_id 6, version 33, address 0xfec01000, GSI 24-55
[    0.097881] ACPI: INT_SRC_OVR (bus 0 bus_irq 0 global_irq 2 dfl dfl)
[    0.097887] ACPI: INT_SRC_OVR (bus 0 bus_irq 9 global_irq 9 low level)
[    0.097893] ACPI: IRQ0 used by override.
[    0.097896] ACPI: IRQ9 used by override.
[    0.097901] Using ACPI (MADT) for SMP configuration information
[    0.097904] ACPI: HPET id: 0x10228210 base: 0xfed00000
[    0.097927] e820: update [mem 0x9a50c000-0x9a587fff] usable ==> reserved
[    0.097960] smpboot: Allowing 4 CPUs, 0 hotplug CPUs
[    0.098019] PM: hibernation: Registered nosave memory: [mem 0x00000000-0x00000fff]
[    0.098026] PM: hibernation: Registered nosave memory: [mem 0x000a0000-0x000fffff]
[    0.098033] PM: hibernation: Registered nosave memory: [mem 0x8cefc000-0x8cefcfff]
[    0.098039] PM: hibernation: Registered nosave memory: [mem 0x8cf0a000-0x8cf0afff]
[    0.098046] PM: hibernation: Registered nosave memory: [mem 0x9a50c000-0x9a587fff]
[    0.098052] PM: hibernation: Registered nosave memory: [mem 0x9c8ff000-0x9c92efff]
[    0.098058] PM: hibernation: Registered nosave memory: [mem 0x9ca5e000-0x9cf53fff]
[    0.098062] PM: hibernation: Registered nosave memory: [mem 0x9cf54000-0x9e1c6fff]
[    0.098068] PM: hibernation: Registered nosave memory: [mem 0x9e1c8000-0x9e1cffff]
[    0.098074] PM: hibernation: Registered nosave memory: [mem 0x9e31d000-0x9ec2dfff]
[    0.098081] PM: hibernation: Registered nosave memory: [mem 0x9ec71000-0x9eff1fff]
[    0.098087] PM: hibernation: Registered nosave memory: [mem 0x9f000000-0xfebfffff]
[    0.098091] PM: hibernation: Registered nosave memory: [mem 0xfec00000-0xfec01fff]
[    0.098094] PM: hibernation: Registered nosave memory: [mem 0xfec02000-0xfec0ffff]
[    0.098097] PM: hibernation: Registered nosave memory: [mem 0xfec10000-0xfec10fff]
[    0.098100] PM: hibernation: Registered nosave memory: [mem 0xfec11000-0xfecfffff]
[    0.098103] PM: hibernation: Registered nosave memory: [mem 0xfed00000-0xfed00fff]
[    0.098107] PM: hibernation: Registered nosave memory: [mem 0xfed01000-0xfed3ffff]
[    0.098110] PM: hibernation: Registered nosave memory: [mem 0xfed40000-0xfed44fff]
[    0.098113] PM: hibernation: Registered nosave memory: [mem 0xfed45000-0xfed7ffff]
[    0.098116] PM: hibernation: Registered nosave memory: [mem 0xfed80000-0xfed8ffff]
[    0.098119] PM: hibernation: Registered nosave memory: [mem 0xfed90000-0xff00ffff]
[    0.098122] PM: hibernation: Registered nosave memory: [mem 0xff010000-0xffffffff]
[    0.098126] PM: hibernation: Registered nosave memory: [mem 0x100000000-0x100000fff]
[    0.098131] [mem 0x9f000000-0xfebfffff] available for PCI devices
[    0.098135] Booting paravirtualized kernel on bare hardware
[    0.098141] clocksource: refined-jiffies: mask: 0xffffffff max_cycles: 0xffffffff, max_idle_ns: 1910969940391419 ns
[    0.110303] setup_percpu: NR_CPUS:8192 nr_cpumask_bits:4 nr_cpu_ids:4 nr_node_ids:1
[    0.110988] percpu: Embedded 54 pages/cpu s184320 r8192 d28672 u524288
[    0.111024] pcpu-alloc: s184320 r8192 d28672 u524288 alloc=1*2097152
[    0.111033] pcpu-alloc: [0] 0 1 2 3 
[    0.111127] Built 1 zonelists, mobility grouping on.  Total pages: 1918053
[    0.111133] Policy zone: Normal
[    0.111137] Kernel command line: BOOT_IMAGE=(hd0,gpt2)/vmlinuz-5.11.10-200.fc33.x86_64 root=UUID=f14d3789-ae1d-4e5a-b8f9-6f9096d5d1ca ro rootflags=subvol=root rhgb quiet iommu=relaxed
[    0.113975] Dentry cache hash table entries: 1048576 (order: 11, 8388608 bytes, linear)
[    0.115313] Inode-cache hash table entries: 524288 (order: 10, 4194304 bytes, linear)
[    0.115394] mem auto-init: stack:off, heap alloc:off, heap free:off
[    0.197749] Memory: 7465968K/7794092K available (14345K kernel code, 3471K rwdata, 9740K rodata, 2540K init, 5488K bss, 327864K reserved, 0K cma-reserved)
[    0.197772] random: get_random_u64 called from __kmem_cache_create+0x2e/0x560 with crng_init=0
[    0.198065] SLUB: HWalign=64, Order=0-3, MinObjects=0, CPUs=4, Nodes=1
[    0.198100] ftrace: allocating 45686 entries in 179 pages
[    0.233266] ftrace: allocated 179 pages with 5 groups
[    0.233518] rcu: Hierarchical RCU implementation.
[    0.233522] rcu: 	RCU restricting CPUs from NR_CPUS=8192 to nr_cpu_ids=4.
[    0.233526] 	Trampoline variant of Tasks RCU enabled.
[    0.233528] 	Rude variant of Tasks RCU enabled.
[    0.233530] 	Tracing variant of Tasks RCU enabled.
[    0.233531] rcu: RCU calculated value of scheduler-enlistment delay is 100 jiffies.
[    0.233534] rcu: Adjusting geometry for rcu_fanout_leaf=16, nr_cpu_ids=4
[    0.247173] NR_IRQS: 524544, nr_irqs: 1000, preallocated irqs: 16
[    0.247788] Console: colour dummy device 80x25
[    0.247830] printk: console [tty0] enabled
[    0.247873] ACPI: Core revision 20201113
[    0.248306] clocksource: hpet: mask: 0xffffffff max_cycles: 0xffffffff, max_idle_ns: 133484873504 ns
[    0.248336] APIC: Switch to symmetric I/O mode setup
[    0.249117] ..TIMER: vector=0x30 apic1=0 pin1=2 apic2=-1 pin2=-1
[    0.253335] clocksource: tsc-early: mask: 0xffffffffffffffff max_cycles: 0x15948124694, max_idle_ns: 440795261054 ns
[    0.253349] Calibrating delay loop (skipped), value calculated using timer frequency.. 2994.23 BogoMIPS (lpj=1497119)
[    0.253357] pid_max: default: 32768 minimum: 301
[    0.257093] LSM: Security Framework initializing
[    0.257120] Yama: becoming mindful.
[    0.257135] SELinux:  Initializing.
[    0.257250] Mount-cache hash table entries: 16384 (order: 5, 131072 bytes, linear)
[    0.257297] Mountpoint-cache hash table entries: 16384 (order: 5, 131072 bytes, linear)
[    0.257927] LVT offset 1 assigned for vector 0xf9
[    0.257938] Last level iTLB entries: 4KB 512, 2MB 8, 4MB 4
[    0.257942] Last level dTLB entries: 4KB 512, 2MB 256, 4MB 128, 1GB 0
[    0.257950] Spectre V1 : Mitigation: usercopy/swapgs barriers and __user pointer sanitization
[    0.257956] Spectre V2 : Mitigation: Full AMD retpoline
[    0.257959] Spectre V2 : Spectre v2 / SpectreRSB mitigation: Filling RSB on context switch
[    0.257964] Speculative Store Bypass: Mitigation: Speculative Store Bypass disabled via prctl and seccomp
[    0.258441] Freeing SMP alternatives memory: 44K
[    0.365969] smpboot: CPU0: AMD A4-5000 APU with Radeon(TM) HD Graphics (family: 0x16, model: 0x0, stepping: 0x1)
[    0.366343] Performance Events: AMD PMU driver.
[    0.366343] ... version:                0
[    0.366343] ... bit width:              48
[    0.366343] ... generic registers:      4
[    0.366343] ... value mask:             0000ffffffffffff
[    0.366343] ... max period:             00007fffffffffff
[    0.366343] ... fixed-purpose events:   0
[    0.366343] ... event mask:             000000000000000f
[    0.366343] rcu: Hierarchical SRCU implementation.
[    0.367131] NMI watchdog: Enabled. Permanently consumes one hw-PMU counter.
[    0.367316] smp: Bringing up secondary CPUs ...
[    0.367651] x86: Booting SMP configuration:
[    0.367655] .... node  #0, CPUs:      #1
[    0.369343] TSC synchronization [CPU#0 -> CPU#1]:
[    0.369343] Measured 1427861945 cycles TSC warp between CPUs, turning off TSC clock.
[    0.369343] tsc: Marking TSC unstable due to check_tsc_sync_source failed
[    0.370720]  #2 #3
[    0.374416] smp: Brought up 1 node, 4 CPUs
[    0.374429] smpboot: Max logical packages: 1
[    0.374432] smpboot: Total of 4 processors activated (11976.95 BogoMIPS)
[    0.376432] devtmpfs: initialized
[    0.376480] x86/mm: Memory block size: 128MB
[    0.378648] PM: Registering ACPI NVS region [mem 0x9ca5e000-0x9cf53fff] (5201920 bytes)
[    0.378684] PM: Registering ACPI NVS region [mem 0x9e1c8000-0x9e1cffff] (32768 bytes)
[    0.378802] clocksource: jiffies: mask: 0xffffffff max_cycles: 0xffffffff, max_idle_ns: 1911260446275000 ns
[    0.378814] futex hash table entries: 1024 (order: 4, 65536 bytes, linear)
[    0.379410] pinctrl core: initialized pinctrl subsystem
[    0.379644] PM: RTC time: 05:41:01, date: 2021-03-30
[    0.379994] NET: Registered protocol family 16
[    0.380291] DMA: preallocated 1024 KiB GFP_KERNEL pool for atomic allocations
[    0.380307] DMA: preallocated 1024 KiB GFP_KERNEL|GFP_DMA pool for atomic allocations
[    0.380322] DMA: preallocated 1024 KiB GFP_KERNEL|GFP_DMA32 pool for atomic allocations
[    0.380350] audit: initializing netlink subsys (disabled)
[    0.380383] audit: type=2000 audit(1617082860.132:1): state=initialized audit_enabled=0 res=1
[    0.380657] thermal_sys: Registered thermal governor 'fair_share'
[    0.380661] thermal_sys: Registered thermal governor 'bang_bang'
[    0.380664] thermal_sys: Registered thermal governor 'step_wise'
[    0.380666] thermal_sys: Registered thermal governor 'user_space'
[    0.380697] cpuidle: using governor menu
[    0.380754] ACPI: bus type PCI registered
[    0.380754] acpiphp: ACPI Hot Plug PCI Controller Driver version: 0.5
[    0.380754] PCI: MMCONFIG for domain 0000 [bus 00-ff] at [mem 0xe0000000-0xefffffff] (base 0xe0000000)
[    0.380754] PCI: not using MMCONFIG
[    0.380754] PCI: Using configuration type 1 for base access
[    0.380754] PCI: Using configuration type 1 for extended access
[    0.386084] Kprobes globally optimized
[    0.386377] HugeTLB registered 1.00 GiB page size, pre-allocated 0 pages
[    0.386377] HugeTLB registered 2.00 MiB page size, pre-allocated 0 pages
[    0.858714] cryptd: max_cpu_qlen set to 1000
[    0.862570] alg: No test for 842 (842-generic)
[    0.862570] alg: No test for 842 (842-scomp)
[    0.870458] raid6: skip pq benchmark and using algorithm sse2x4
[    0.870469] raid6: using ssse3x2 recovery algorithm
[    0.870620] ACPI: Added _OSI(Module Device)
[    0.870623] ACPI: Added _OSI(Processor Device)
[    0.870626] ACPI: Added _OSI(3.0 _SCP Extensions)
[    0.870628] ACPI: Added _OSI(Processor Aggregator Device)
[    0.870632] ACPI: Added _OSI(Linux-Dell-Video)
[    0.870635] ACPI: Added _OSI(Linux-Lenovo-NV-HDMI-Audio)
[    0.870638] ACPI: Added _OSI(Linux-HPI-Hybrid-Graphics)
[    0.897237] ACPI: 9 ACPI AML tables successfully acquired and loaded
[    0.900843] ACPI: [Firmware Bug]: BIOS _OSI(Linux) query ignored
[    0.904927] ACPI: EC: EC started
[    0.904930] ACPI: EC: interrupt blocked
[    1.089016] ACPI: EC: EC_CMD/EC_SC=0x66, EC_DATA=0x62
[    1.089032] ACPI: \_SB_.PCI0.SBRG.EC0_: Boot DSDT EC used to handle transactions
[    1.089038] ACPI: Interpreter enabled
[    1.089112] ACPI: (supports S0 S3 S4 S5)
[    1.089117] ACPI: Using IOAPIC for interrupt routing
[    1.089201] PCI: MMCONFIG for domain 0000 [bus 00-ff] at [mem 0xe0000000-0xefffffff] (base 0xe0000000)
[    1.089320] PCI: MMCONFIG at [mem 0xe0000000-0xefffffff] reserved in ACPI motherboard resources
[    1.089397] PCI: Using host bridge windows from ACPI; if necessary, use "pci=nocrs" and report a bug
[    1.090126] ACPI: Enabled 8 GPEs in block 00 to 1F
[    1.115202] ACPI: PCI Root Bridge [PCI0] (domain 0000 [bus 00-ff])
[    1.115219] acpi PNP0A08:00: _OSC: OS supports [ExtendedConfig ASPM ClockPM Segments MSI EDR HPX-Type3]
[    1.115661] acpi PNP0A08:00: _OSC: platform does not support [PME LTR DPC]
[    1.116070] acpi PNP0A08:00: _OSC: OS now controls [PCIeHotplug SHPCHotplug AER PCIeCapability]
[    1.116794] PCI host bridge to bus 0000:00
[    1.116800] pci_bus 0000:00: root bus resource [io  0x0000-0x03af window]
[    1.116806] pci_bus 0000:00: root bus resource [io  0x03e0-0x0cf7 window]
[    1.116811] pci_bus 0000:00: root bus resource [io  0x03b0-0x03df window]
[    1.116816] pci_bus 0000:00: root bus resource [io  0x0d00-0xffff window]
[    1.116821] pci_bus 0000:00: root bus resource [mem 0x000a0000-0x000bffff window]
[    1.116826] pci_bus 0000:00: root bus resource [mem 0x000c0000-0x000dffff window]
[    1.116831] pci_bus 0000:00: root bus resource [mem 0xc0000000-0xffffffff window]
[    1.116837] pci_bus 0000:00: root bus resource [bus 00-ff]
[    1.116862] pci 0000:00:00.0: [1022:1536] type 00 class 0x060000
[    1.117119] pci 0000:00:01.0: [1002:9832] type 00 class 0x030000
[    1.117140] pci 0000:00:01.0: reg 0x10: [mem 0xc0000000-0xcfffffff 64bit pref]
[    1.117156] pci 0000:00:01.0: reg 0x18: [mem 0xd0000000-0xd07fffff 64bit pref]
[    1.117167] pci 0000:00:01.0: reg 0x20: [io  0xf000-0xf0ff]
[    1.117178] pci 0000:00:01.0: reg 0x24: [mem 0xfeb00000-0xfeb3ffff]
[    1.117188] pci 0000:00:01.0: reg 0x30: [mem 0xfeb40000-0xfeb5ffff pref]
[    1.117200] pci 0000:00:01.0: enabling Extended Tags
[    1.117220] pci 0000:00:01.0: BAR 0: assigned to efifb
[    1.117261] pci 0000:00:01.0: supports D1 D2
[    1.117265] pci 0000:00:01.0: PME# supported from D1 D2 D3hot
[    1.117503] pci 0000:00:01.1: [1002:9840] type 00 class 0x040300
[    1.117522] pci 0000:00:01.1: reg 0x10: [mem 0xfeb64000-0xfeb67fff 64bit]
[    1.117553] pci 0000:00:01.1: enabling Extended Tags
[    1.117603] pci 0000:00:01.1: supports D1 D2
[    1.117769] pci 0000:00:02.0: [1022:1538] type 00 class 0x060000
[    1.117953] pci 0000:00:02.3: [1022:1439] type 01 class 0x060400
[    1.118001] pci 0000:00:02.3: enabling Extended Tags
[    1.118124] pci 0000:00:02.3: PME# supported from D0 D3hot D3cold
[    1.118288] pci 0000:00:02.4: [1022:1439] type 01 class 0x060400
[    1.118335] pci 0000:00:02.4: enabling Extended Tags
[    1.118402] pci 0000:00:02.4: PME# supported from D0 D3hot D3cold
[    1.118647] pci 0000:00:10.0: [1022:7814] type 00 class 0x0c0330
[    1.118674] pci 0000:00:10.0: reg 0x10: [mem 0xfeb68000-0xfeb69fff 64bit]
[    1.118791] pci 0000:00:10.0: PME# supported from D0 D3hot D3cold
[    1.119034] pci 0000:00:11.0: [1022:7801] type 00 class 0x010601
[    1.119053] pci 0000:00:11.0: reg 0x10: [io  0xf140-0xf147]
[    1.119065] pci 0000:00:11.0: reg 0x14: [io  0xf130-0xf133]
[    1.119077] pci 0000:00:11.0: reg 0x18: [io  0xf120-0xf127]
[    1.119088] pci 0000:00:11.0: reg 0x1c: [io  0xf110-0xf113]
[    1.119099] pci 0000:00:11.0: reg 0x20: [io  0xf100-0xf10f]
[    1.119111] pci 0000:00:11.0: reg 0x24: [mem 0xfeb6e000-0xfeb6e3ff]
[    1.119169] pci 0000:00:11.0: PME# supported from D3hot
[    1.119604] pci 0000:00:12.0: [1022:7807] type 00 class 0x0c0310
[    1.119624] pci 0000:00:12.0: reg 0x10: [mem 0xfeb6d000-0xfeb6dfff]
[    1.119888] pci 0000:00:12.2: [1022:7808] type 00 class 0x0c0320
[    1.119907] pci 0000:00:12.2: reg 0x10: [mem 0xfeb6c000-0xfeb6c0ff]
[    1.119990] pci 0000:00:12.2: supports D1 D2
[    1.119994] pci 0000:00:12.2: PME# supported from D0 D1 D2 D3hot D3cold
[    1.120198] pci 0000:00:13.0: [1022:7807] type 00 class 0x0c0310
[    1.120217] pci 0000:00:13.0: reg 0x10: [mem 0xfeb6b000-0xfeb6bfff]
[    1.120480] pci 0000:00:13.2: [1022:7808] type 00 class 0x0c0320
[    1.120499] pci 0000:00:13.2: reg 0x10: [mem 0xfeb6a000-0xfeb6a0ff]
[    1.120582] pci 0000:00:13.2: supports D1 D2
[    1.120586] pci 0000:00:13.2: PME# supported from D0 D1 D2 D3hot D3cold
[    1.120788] pci 0000:00:14.0: [1022:780b] type 00 class 0x0c0500
[    1.121045] pci 0000:00:14.2: [1022:780d] type 00 class 0x040300
[    1.121068] pci 0000:00:14.2: reg 0x10: [mem 0xfeb60000-0xfeb63fff 64bit]
[    1.121139] pci 0000:00:14.2: PME# supported from D0 D3hot D3cold
[    1.121340] pci 0000:00:14.3: [1022:780e] type 00 class 0x060100
[    1.121611] pci 0000:00:18.0: [1022:1530] type 00 class 0x060000
[    1.121780] pci 0000:00:18.1: [1022:1531] type 00 class 0x060000
[    1.121941] pci 0000:00:18.2: [1022:1532] type 00 class 0x060000
[    1.122104] pci 0000:00:18.3: [1022:1533] type 00 class 0x060000
[    1.122271] pci 0000:00:18.4: [1022:1534] type 00 class 0x060000
[    1.122444] pci 0000:00:18.5: [1022:1535] type 00 class 0x060000
[    1.122742] pci 0000:01:00.0: [10ec:8136] type 00 class 0x020000
[    1.122768] pci 0000:01:00.0: reg 0x10: [io  0xe000-0xe0ff]
[    1.122803] pci 0000:01:00.0: reg 0x18: [mem 0xfea00000-0xfea00fff 64bit]
[    1.122829] pci 0000:01:00.0: reg 0x20: [mem 0xd0800000-0xd0803fff 64bit pref]
[    1.122982] pci 0000:01:00.0: supports D1 D2
[    1.122986] pci 0000:01:00.0: PME# supported from D0 D1 D2 D3hot D3cold
[    1.123264] pci 0000:00:02.3: PCI bridge to [bus 01]
[    1.123274] pci 0000:00:02.3:   bridge window [io  0xe000-0xefff]
[    1.123280] pci 0000:00:02.3:   bridge window [mem 0xfea00000-0xfeafffff]
[    1.123288] pci 0000:00:02.3:   bridge window [mem 0xd0800000-0xd08fffff 64bit pref]
[    1.123389] pci 0000:02:00.0: [168c:0036] type 00 class 0x028000
[    1.123417] pci 0000:02:00.0: reg 0x10: [mem 0xfe900000-0xfe97ffff 64bit]
[    1.123458] pci 0000:02:00.0: reg 0x30: [mem 0xfe980000-0xfe98ffff pref]
[    1.123551] pci 0000:02:00.0: supports D1 D2
[    1.123555] pci 0000:02:00.0: PME# supported from D0 D1 D2 D3hot D3cold
[    1.123724] pci 0000:00:02.4: PCI bridge to [bus 02]
[    1.123736] pci 0000:00:02.4:   bridge window [mem 0xfe900000-0xfe9fffff]
[    1.128759] ACPI: PCI Interrupt Link [LNKA] (IRQs 4 5 7 10 11 14 15) *0
[    1.128931] ACPI: PCI Interrupt Link [LNKB] (IRQs 4 5 7 10 11 14 15) *0
[    1.129105] ACPI: PCI Interrupt Link [LNKC] (IRQs 4 5 7 10 11 14 15) *0
[    1.129277] ACPI: PCI Interrupt Link [LNKD] (IRQs 4 5 7 10 11 14 15) *0
[    1.129434] ACPI: PCI Interrupt Link [LNKE] (IRQs 4 5 7 10 11 14 15) *0
[    1.129557] ACPI: PCI Interrupt Link [LNKF] (IRQs 4 5 7 10 11 14 15) *0
[    1.129680] ACPI: PCI Interrupt Link [LNKG] (IRQs 4 5 7 10 11 14 15) *0
[    1.129803] ACPI: PCI Interrupt Link [LNKH] (IRQs 4 5 7 10 11 14 15) *0
[    1.132700] ACPI: EC: interrupt unblocked
[    1.132704] ACPI: EC: event unblocked
[    1.133349] ACPI: EC: EC_CMD/EC_SC=0x66, EC_DATA=0x62
[    1.133349] ACPI: EC: GPE=0x3
[    1.133349] ACPI: \_SB_.PCI0.SBRG.EC0_: Boot DSDT EC initialization complete
[    1.133349] ACPI: \_SB_.PCI0.SBRG.EC0_: EC: Used to handle transactions and events
[    1.133404] iommu: Default domain type: Translated 
[    1.133411] pci 0000:00:01.0: vgaarb: setting as boot VGA device
[    1.133411] pci 0000:00:01.0: vgaarb: VGA device added: decodes=io+mem,owns=io+mem,locks=none
[    1.133411] pci 0000:00:01.0: vgaarb: bridge control possible
[    1.133411] vgaarb: loaded
[    1.133529] SCSI subsystem initialized
[    1.134376] libata version 3.00 loaded.
[    1.134436] ACPI: bus type USB registered
[    1.134486] usbcore: registered new interface driver usbfs
[    1.134507] usbcore: registered new interface driver hub
[    1.134525] usbcore: registered new device driver usb
[    1.134598] pps_core: LinuxPPS API ver. 1 registered
[    1.134602] pps_core: Software ver. 5.3.6 - Copyright 2005-2007 Rodolfo Giometti <giometti@linux.it>
[    1.134610] PTP clock support registered
[    1.134653] EDAC MC: Ver: 3.0.0
[    1.134653] Registered efivars operations
[    1.134790] NetLabel: Initializing
[    1.134793] NetLabel:  domain hash size = 128
[    1.134796] NetLabel:  protocols = UNLABELED CIPSOv4 CALIPSO
[    1.134834] NetLabel:  unlabeled traffic allowed by default
[    1.134845] PCI: Using ACPI for IRQ routing
[    1.142477] PCI: pci_cache_line_size set to 64 bytes
[    1.142557] e820: reserve RAM buffer [mem 0x8cefc018-0x8fffffff]
[    1.142563] e820: reserve RAM buffer [mem 0x9a50c000-0x9bffffff]
[    1.142567] e820: reserve RAM buffer [mem 0x9c8ff000-0x9fffffff]
[    1.142571] e820: reserve RAM buffer [mem 0x9ca5e000-0x9fffffff]
[    1.142575] e820: reserve RAM buffer [mem 0x9e1c8000-0x9fffffff]
[    1.142579] e820: reserve RAM buffer [mem 0x9e31d000-0x9fffffff]
[    1.142583] e820: reserve RAM buffer [mem 0x9ec71000-0x9fffffff]
[    1.142586] e820: reserve RAM buffer [mem 0x9f000000-0x9fffffff]
[    1.142589] e820: reserve RAM buffer [mem 0x23f000000-0x23fffffff]
[    1.143543] hpet0: at MMIO 0xfed00000, IRQs 2, 8, 0
[    1.143556] hpet0: 3 comparators, 32-bit 14.318180 MHz counter
[    1.145430] clocksource: Switched to clocksource hpet
[    1.179369] VFS: Disk quotas dquot_6.6.0
[    1.179417] VFS: Dquot-cache hash table entries: 512 (order 0, 4096 bytes)
[    1.179585] pnp: PnP ACPI init
[    1.179893] system 00:00: [mem 0xe0000000-0xefffffff] has been reserved
[    1.179913] system 00:00: Plug and Play ACPI device, IDs PNP0c01 (active)
[    1.180070] system 00:01: [mem 0xa0000000-0xbfffffff] has been reserved
[    1.180084] system 00:01: Plug and Play ACPI device, IDs PNP0c02 (active)
[    1.180226] system 00:02: Plug and Play ACPI device, IDs PNP0c02 (active)
[    1.180293] pnp 00:03: Plug and Play ACPI device, IDs PNP0b00 (active)
[    1.180444] system 00:04: [io  0x04d0-0x04d1] has been reserved
[    1.180459] system 00:04: Plug and Play ACPI device, IDs PNP0c02 (active)
[    1.182516] pnp 00:05: Plug and Play ACPI device, IDs ETD0804 PNP0f13 (active)
[    1.182589] pnp 00:06: Plug and Play ACPI device, IDs TOS1106 PNP0c03 PNP030b (active)
[    1.183229] system 00:07: [io  0x04d0-0x04d1] has been reserved
[    1.183236] system 00:07: [io  0x040b] has been reserved
[    1.183241] system 00:07: [io  0x04d6] has been reserved
[    1.183246] system 00:07: [io  0x0c00-0x0c01] has been reserved
[    1.183251] system 00:07: [io  0x0c14] has been reserved
[    1.183255] system 00:07: [io  0x0c50-0x0c51] has been reserved
[    1.183260] system 00:07: [io  0x0c52] has been reserved
[    1.183264] system 00:07: [io  0x0c6c] has been reserved
[    1.183269] system 00:07: [io  0x0c6f] has been reserved
[    1.183273] system 00:07: [io  0x0cd0-0x0cd1] has been reserved
[    1.183277] system 00:07: [io  0x0cd2-0x0cd3] has been reserved
[    1.183282] system 00:07: [io  0x0cd4-0x0cd5] has been reserved
[    1.183286] system 00:07: [io  0x0cd6-0x0cd7] has been reserved
[    1.183291] system 00:07: [io  0x0cd8-0x0cdf] has been reserved
[    1.183296] system 00:07: [io  0x0800-0x089f] has been reserved
[    1.183305] system 00:07: [io  0x0b20-0x0b3f] has been reserved
[    1.183310] system 00:07: [io  0x0900-0x090f] has been reserved
[    1.183314] system 00:07: [io  0x0910-0x091f] has been reserved
[    1.183319] system 00:07: [io  0xfe00-0xfefe] has been reserved
[    1.183326] system 00:07: [mem 0xfec00000-0xfec00fff] could not be reserved
[    1.183332] system 00:07: [mem 0xfee00000-0xfee00fff] has been reserved
[    1.183337] system 00:07: [mem 0xfed80000-0xfed8ffff] has been reserved
[    1.183343] system 00:07: [mem 0xfed61000-0xfed70fff] has been reserved
[    1.183359] system 00:07: [mem 0xfec10000-0xfec10fff] has been reserved
[    1.183365] system 00:07: [mem 0xfed00000-0xfed00fff] could not be reserved
[    1.183371] system 00:07: [mem 0xff010000-0xffffffff] has been reserved
[    1.183384] system 00:07: Plug and Play ACPI device, IDs PNP0c02 (active)
[    1.186759] pnp: PnP ACPI: found 8 devices
[    1.196534] clocksource: acpi_pm: mask: 0xffffff max_cycles: 0xffffff, max_idle_ns: 2085701024 ns
[    1.196683] NET: Registered protocol family 2
[    1.210091] tcp_listen_portaddr_hash hash table entries: 4096 (order: 4, 65536 bytes, linear)
[    1.210134] TCP established hash table entries: 65536 (order: 7, 524288 bytes, linear)
[    1.210389] TCP bind hash table entries: 65536 (order: 8, 1048576 bytes, linear)
[    1.210707] TCP: Hash tables configured (established 65536 bind 65536)
[    1.210922] MPTCP token hash table entries: 8192 (order: 5, 196608 bytes, linear)
[    1.210997] UDP hash table entries: 4096 (order: 5, 131072 bytes, linear)
[    1.211053] UDP-Lite hash table entries: 4096 (order: 5, 131072 bytes, linear)
[    1.211204] NET: Registered protocol family 1
[    1.211218] NET: Registered protocol family 44
[    1.211253] pci 0000:00:02.3: PCI bridge to [bus 01]
[    1.211264] pci 0000:00:02.3:   bridge window [io  0xe000-0xefff]
[    1.211273] pci 0000:00:02.3:   bridge window [mem 0xfea00000-0xfeafffff]
[    1.211279] pci 0000:00:02.3:   bridge window [mem 0xd0800000-0xd08fffff 64bit pref]
[    1.211289] pci 0000:00:02.4: PCI bridge to [bus 02]
[    1.211296] pci 0000:00:02.4:   bridge window [mem 0xfe900000-0xfe9fffff]
[    1.211311] pci_bus 0000:00: resource 4 [io  0x0000-0x03af window]
[    1.211316] pci_bus 0000:00: resource 5 [io  0x03e0-0x0cf7 window]
[    1.211320] pci_bus 0000:00: resource 6 [io  0x03b0-0x03df window]
[    1.211325] pci_bus 0000:00: resource 7 [io  0x0d00-0xffff window]
[    1.211329] pci_bus 0000:00: resource 8 [mem 0x000a0000-0x000bffff window]
[    1.211334] pci_bus 0000:00: resource 9 [mem 0x000c0000-0x000dffff window]
[    1.211338] pci_bus 0000:00: resource 10 [mem 0xc0000000-0xffffffff window]
[    1.211368] pci_bus 0000:01: resource 0 [io  0xe000-0xefff]
[    1.211373] pci_bus 0000:01: resource 1 [mem 0xfea00000-0xfeafffff]
[    1.211378] pci_bus 0000:01: resource 2 [mem 0xd0800000-0xd08fffff 64bit pref]
[    1.211383] pci_bus 0000:02: resource 1 [mem 0xfe900000-0xfe9fffff]
[    1.211554] pci 0000:00:01.0: Video device with shadowed ROM at [mem 0x000c0000-0x000dffff]
[    1.211645] pci 0000:00:01.1: D0 power state depends on 0000:00:01.0
[    1.234788] pci 0000:00:12.0: quirk_usb_early_handoff+0x0/0x6c0 took 22162 usecs
[    1.246783] pci 0000:00:12.2: quirk_usb_early_handoff+0x0/0x6c0 took 11677 usecs
[    1.246807] pci 0000:00:12.2: PME# does not work under D3, disabling it
[    1.269797] pci 0000:00:13.0: quirk_usb_early_handoff+0x0/0x6c0 took 22430 usecs
[    1.281795] pci 0000:00:13.2: quirk_usb_early_handoff+0x0/0x6c0 took 11679 usecs
[    1.281818] pci 0000:00:13.2: PME# does not work under D3, disabling it
[    1.281888] PCI: CLS 64 bytes, default 64
[    1.282017] Trying to unpack rootfs image as initramfs...
[    2.676421] Freeing initrd memory: 42672K
[    2.676439] PCI-DMA: Using software bounce buffering for IO (SWIOTLB)
[    2.676441] software IO TLB: mapped [mem 0x0000000095ff7000-0x0000000099ff7000] (64MB)
[    2.676583] amd_uncore: 4  amd_nb counters detected
[    2.676594] amd_uncore: 4  amd_l2 counters detected
[    2.676947] LVT offset 0 assigned for vector 0x400
[    2.677039] perf: AMD IBS detected (0x000000ff)
[    2.678858] Initialise system trusted keyrings
[    2.678880] Key type blacklist registered
[    2.679022] workingset: timestamp_bits=36 max_order=21 bucket_order=0
[    2.682777] zbud: loaded
[    2.684158] integrity: Platform Keyring initialized
[    2.715177] NET: Registered protocol family 38
[    2.715184] xor: automatically using best checksumming function   avx       
[    2.715188] Key type asymmetric registered
[    2.715191] Asymmetric key parser 'x509' registered
[    2.715215] Block layer SCSI generic (bsg) driver version 0.4 loaded (major 245)
[    2.715344] io scheduler mq-deadline registered
[    2.715359] io scheduler kyber registered
[    2.715418] io scheduler bfq registered
[    2.715621] atomic64_test: passed for x86-64 platform with CX8 and with SSE
[    2.716091] pcieport 0000:00:02.3: pciehp: Slot #0 AttnBtn- PwrCtrl- MRL- AttnInd- PwrInd- HotPlug+ Surprise- Interlock- NoCompl+ IbPresDis- LLActRep+
[    2.716711] shpchp: Standard Hot Plug PCI Controller Driver version: 0.4
[    2.716761] efifb: probing for efifb
[    2.716801] efifb: showing boot graphics
[    2.719207] efifb: framebuffer at 0xc0000000, using 4224k, total 4224k
[    2.719213] efifb: mode is 1366x768x32, linelength=5632, pages=1
[    2.719217] efifb: scrolling: redraw
[    2.719219] efifb: Truecolor: size=8:8:8:8, shift=24:16:8:0
[    2.719376] fbcon: Deferring console take-over
[    2.719380] fb0: EFI VGA frame buffer device
[    2.719694] ACPI: AC Adapter [ACAD] (on-line)
[    2.719829] input: Power Button as /devices/LNXSYSTM:00/LNXSYBUS:00/PNP0C0C:00/input/input0
[    2.719891] ACPI: Power Button [PWRB]
[    2.719982] input: Lid Switch as /devices/LNXSYSTM:00/LNXSYBUS:00/PNP0C0D:00/input/input1
[    2.720076] ACPI: Lid Switch [LID]
[    2.720157] input: Power Button as /devices/LNXSYSTM:00/LNXPWRBN:00/input/input2
[    2.720229] ACPI: Power Button [PWRF]
[    2.720309] ACPI: \_PR_.P000: Found 2 idle states
[    2.720550] ACPI: \_PR_.P001: Found 2 idle states
[    2.720778] ACPI: \_PR_.P002: Found 2 idle states
[    2.721018] ACPI: \_PR_.P003: Found 2 idle states
[    2.721674] Serial: 8250/16550 driver, 32 ports, IRQ sharing enabled
[    2.726613] Non-volatile memory driver v1.3
[    2.726693] Linux agpgart interface v0.103
[    2.728092] ahci 0000:00:11.0: version 3.0
[    2.728428] ahci 0000:00:11.0: AHCI 0001.0300 32 slots 2 ports 6 Gbps 0x3 impl SATA mode
[    2.728438] ahci 0000:00:11.0: flags: 64bit ncq sntf ilck pm led clo pmp pio slum part 
[    2.734506] scsi host0: ahci
[    2.734905] scsi host1: ahci
[    2.735011] ata1: SATA max UDMA/133 abar m1024@0xfeb6e000 port 0xfeb6e100 irq 28
[    2.735019] ata2: SATA max UDMA/133 abar m1024@0xfeb6e000 port 0xfeb6e180 irq 28
[    2.735450] libphy: Fixed MDIO Bus: probed
[    2.735749] ehci_hcd: USB 2.0 'Enhanced' Host Controller (EHCI) Driver
[    2.735758] ehci-pci: EHCI PCI platform driver
[    2.735966] ehci-pci 0000:00:12.2: EHCI Host Controller
[    2.736066] ehci-pci 0000:00:12.2: new USB bus registered, assigned bus number 1
[    2.736077] ehci-pci 0000:00:12.2: applying AMD SB700/SB800/Hudson-2/3 EHCI dummy qh workaround
[    2.736088] ehci-pci 0000:00:12.2: debug port 1
[    2.736160] ehci-pci 0000:00:12.2: irq 17, io mem 0xfeb6c000
[    2.740818] battery: ACPI: Battery Slot [BAT1] (battery present)
[    2.742566] ehci-pci 0000:00:12.2: USB 2.0 started, EHCI 1.00
[    2.742749] usb usb1: New USB device found, idVendor=1d6b, idProduct=0002, bcdDevice= 5.11
[    2.742757] usb usb1: New USB device strings: Mfr=3, Product=2, SerialNumber=1
[    2.742762] usb usb1: Product: EHCI Host Controller
[    2.742767] usb usb1: Manufacturer: Linux 5.11.10-200.fc33.x86_64 ehci_hcd
[    2.742771] usb usb1: SerialNumber: 0000:00:12.2
[    2.743164] hub 1-0:1.0: USB hub found
[    2.743184] hub 1-0:1.0: 4 ports detected
[    2.743871] ehci-pci 0000:00:13.2: EHCI Host Controller
[    2.743999] ehci-pci 0000:00:13.2: new USB bus registered, assigned bus number 2
[    2.744010] ehci-pci 0000:00:13.2: applying AMD SB700/SB800/Hudson-2/3 EHCI dummy qh workaround
[    2.744022] ehci-pci 0000:00:13.2: debug port 1
[    2.744072] ehci-pci 0000:00:13.2: irq 17, io mem 0xfeb6a000
[    2.750588] ehci-pci 0000:00:13.2: USB 2.0 started, EHCI 1.00
[    2.750770] usb usb2: New USB device found, idVendor=1d6b, idProduct=0002, bcdDevice= 5.11
[    2.750778] usb usb2: New USB device strings: Mfr=3, Product=2, SerialNumber=1
[    2.750783] usb usb2: Product: EHCI Host Controller
[    2.750787] usb usb2: Manufacturer: Linux 5.11.10-200.fc33.x86_64 ehci_hcd
[    2.750791] usb usb2: SerialNumber: 0000:00:13.2
[    2.751142] hub 2-0:1.0: USB hub found
[    2.751162] hub 2-0:1.0: 4 ports detected
[    2.751618] ohci_hcd: USB 1.1 'Open' Host Controller (OHCI) Driver
[    2.751627] ohci-pci: OHCI PCI platform driver
[    2.751879] ohci-pci 0000:00:12.0: OHCI PCI host controller
[    2.751983] ohci-pci 0000:00:12.0: new USB bus registered, assigned bus number 3
[    2.752046] ohci-pci 0000:00:12.0: irq 18, io mem 0xfeb6d000
[    2.807724] usb usb3: New USB device found, idVendor=1d6b, idProduct=0001, bcdDevice= 5.11
[    2.807738] usb usb3: New USB device strings: Mfr=3, Product=2, SerialNumber=1
[    2.807743] usb usb3: Product: OHCI PCI host controller
[    2.807747] usb usb3: Manufacturer: Linux 5.11.10-200.fc33.x86_64 ohci_hcd
[    2.807752] usb usb3: SerialNumber: 0000:00:12.0
[    2.808121] hub 3-0:1.0: USB hub found
[    2.808142] hub 3-0:1.0: 4 ports detected
[    2.808814] ohci-pci 0000:00:13.0: OHCI PCI host controller
[    2.808922] ohci-pci 0000:00:13.0: new USB bus registered, assigned bus number 4
[    2.808970] ohci-pci 0000:00:13.0: irq 18, io mem 0xfeb6b000
[    2.864708] usb usb4: New USB device found, idVendor=1d6b, idProduct=0001, bcdDevice= 5.11
[    2.864722] usb usb4: New USB device strings: Mfr=3, Product=2, SerialNumber=1
[    2.864728] usb usb4: Product: OHCI PCI host controller
[    2.864732] usb usb4: Manufacturer: Linux 5.11.10-200.fc33.x86_64 ohci_hcd
[    2.864736] usb usb4: SerialNumber: 0000:00:13.0
[    2.865114] hub 4-0:1.0: USB hub found
[    2.865136] hub 4-0:1.0: 4 ports detected
[    2.865592] uhci_hcd: USB Universal Host Controller Interface driver
[    2.865891] xhci_hcd 0000:00:10.0: xHCI Host Controller
[    2.865999] xhci_hcd 0000:00:10.0: new USB bus registered, assigned bus number 5
[    2.866187] xhci_hcd 0000:00:10.0: hcc params 0x014040c3 hci version 0x100 quirks 0x0000000000000410
[    2.866665] usb usb5: New USB device found, idVendor=1d6b, idProduct=0002, bcdDevice= 5.11
[    2.866672] usb usb5: New USB device strings: Mfr=3, Product=2, SerialNumber=1
[    2.866677] usb usb5: Product: xHCI Host Controller
[    2.866681] usb usb5: Manufacturer: Linux 5.11.10-200.fc33.x86_64 xhci-hcd
[    2.866685] usb usb5: SerialNumber: 0000:00:10.0
[    2.866901] hub 5-0:1.0: USB hub found
[    2.866922] hub 5-0:1.0: 2 ports detected
[    2.867160] xhci_hcd 0000:00:10.0: xHCI Host Controller
[    2.867286] xhci_hcd 0000:00:10.0: new USB bus registered, assigned bus number 6
[    2.867295] xhci_hcd 0000:00:10.0: Host supports USB 3.0 SuperSpeed
[    2.869598] usb usb6: We don't know the algorithms for LPM for this host, disabling LPM.
[    2.869670] usb usb6: New USB device found, idVendor=1d6b, idProduct=0003, bcdDevice= 5.11
[    2.869676] usb usb6: New USB device strings: Mfr=3, Product=2, SerialNumber=1
[    2.869681] usb usb6: Product: xHCI Host Controller
[    2.869684] usb usb6: Manufacturer: Linux 5.11.10-200.fc33.x86_64 xhci-hcd
[    2.869688] usb usb6: SerialNumber: 0000:00:10.0
[    2.869932] hub 6-0:1.0: USB hub found
[    2.869953] hub 6-0:1.0: 2 ports detected
[    2.870225] usbcore: registered new interface driver usbserial_generic
[    2.870242] usbserial: USB Serial support registered for generic
[    2.870316] i8042: PNP: PS/2 Controller [PNP030b:PS2K,PNP0f13:PS2M] at 0x60,0x64 irq 1,12
[    2.881660] serio: i8042 KBD port at 0x60,0x64 irq 1
[    2.881672] serio: i8042 AUX port at 0x60,0x64 irq 12
[    2.881909] mousedev: PS/2 mouse device common for all mice
[    2.882278] rtc_cmos 00:03: RTC can wake from S4
[    2.882640] rtc_cmos 00:03: registered as rtc0
[    2.882704] rtc_cmos 00:03: setting system clock to 2021-03-30T05:41:03 UTC (1617082863)
[    2.882750] rtc_cmos 00:03: alarms up to one month, y3k, 114 bytes nvram, hpet irqs
[    2.882851] device-mapper: uevent: version 1.0.3
[    2.882996] device-mapper: ioctl: 4.43.0-ioctl (2020-10-01) initialised: dm-devel@redhat.com
[    2.883390] hid: raw HID events driver (C) Jiri Kosina
[    2.883484] usbcore: registered new interface driver usbhid
[    2.883487] usbhid: USB HID core driver
[    2.883668] drop_monitor: Initializing network drop monitor service
[    2.883806] Initializing XFRM netlink socket
[    2.884076] NET: Registered protocol family 10
[    2.893628] Segment Routing with IPv6
[    2.893637] RPL Segment Routing with IPv6
[    2.893697] mip6: Mobile IPv6
[    2.893702] NET: Registered protocol family 17
[    2.893860] x86/pm: family 0x16 cpu detected, MSR saving is needed during suspending.
[    2.894473] microcode: microcode updated early to new patch_level=0x0700010f
[    2.894552] microcode: CPU0: patch_level=0x0700010f
[    2.894570] microcode: CPU1: patch_level=0x0700010f
[    2.894581] microcode: CPU2: patch_level=0x0700010f
[    2.894596] microcode: CPU3: patch_level=0x0700010f
[    2.894606] microcode: Microcode Update Driver: v2.2.
[    2.894618] IPI shorthand broadcast: enabled
[    2.894635] AVX version of gcm_enc/dec engaged.
[    2.894638] AES CTR mode by8 optimization enabled
[    2.895279] input: AT Translated Set 2 keyboard as /devices/platform/i8042/serio0/input/input3
[    2.950065] registered taskstats version 1
[    2.950098] Loading compiled-in X.509 certificates
[    2.952493] Loaded X.509 cert 'Fedora kernel signing key: 1876901b13db2da3fadbf050442ce825cd8756dc'
[    2.952666] zswap: loaded using pool lzo/zbud
[    2.953049] Key type ._fscrypt registered
[    2.953053] Key type .fscrypt registered
[    2.953055] Key type fscrypt-provisioning registered
[    2.953644] Btrfs loaded, crc32c=crc32c-generic, zoned=yes
[    2.962747] Key type encrypted registered
[    2.963158] integrity: Loading X.509 certificate: UEFI:db
[    3.045767] ata2: SATA link down (SStatus 0 SControl 300)
[    3.067394] usb 1-4: new high-speed USB device number 2 using ehci-pci
[    3.072150] integrity: Loaded X.509 cert 'Toshiba Corporation Utility CA 2012: cc37e82804de6d8242718850b1af8d5f'
[    3.072155] integrity: Loading X.509 certificate: UEFI:db
[    3.072217] integrity: Loaded X.509 cert 'Microsoft Windows Production PCA 2011: a92902398e16c49778cd90f99e4f9ae17c55af53'
[    3.072221] integrity: Loading X.509 certificate: UEFI:db
[    3.072279] integrity: Loaded X.509 cert 'Microsoft Corporation UEFI CA 2011: 13adbf4309bd82709c8cd54f316ed522988a1bd4'
[    3.072678] ima: No TPM chip found, activating TPM-bypass!
[    3.072690] ima: Allocated hash algorithm: sha256
[    3.072752] audit: type=1807 audit(1617082863.688:2): action=measure func=KEXEC_KERNEL_CHECK res=1
[    3.072760] audit: type=1807 audit(1617082863.688:3): action=measure func=MODULE_CHECK res=1
[    3.072774] evm: Initialising EVM extended attributes:
[    3.072777] evm: security.selinux
[    3.072779] evm: security.ima
[    3.072781] evm: security.capability
[    3.072783] evm: HMAC attrs: 0x1
[    3.073677] PM:   Magic number: 13:895:669
[    3.074027] RAS: Correctable Errors collector initialized.
[    3.074036] Lockdown: swapper/0: hibernation is restricted; see man kernel_lockdown.7
[    3.074058] Unstable clock detected, switching default tracing clock to "global"
               If you want to keep using the local clock, then add:
                 "trace_clock=local"
               on the kernel command line
[    3.199406] ata1: SATA link up 6.0 Gbps (SStatus 133 SControl 300)
[    3.206976] ata1.00: ATA-8: KINGSTON SV300S37A60G, 603ABBF0, max UDMA/133
[    3.206989] ata1.00: 117231408 sectors, multi 1: LBA48 NCQ (depth 32), AA
[    3.212644] ata1.00: configured for UDMA/133
[    3.212974] scsi 0:0:0:0: Direct-Access     ATA      KINGSTON SV300S3 BBF0 PQ: 0 ANSI: 5
[    3.213532] sd 0:0:0:0: Attached scsi generic sg0 type 0
[    3.213613] sd 0:0:0:0: [sda] 117231408 512-byte logical blocks: (60.0 GB/55.9 GiB)
[    3.213649] sd 0:0:0:0: [sda] Write Protect is off
[    3.213655] sd 0:0:0:0: [sda] Mode Sense: 00 3a 00 00
[    3.213710] sd 0:0:0:0: [sda] Write cache: enabled, read cache: enabled, doesn't support DPO or FUA
[    3.215399]  sda: sda1 sda2 sda3
[    3.216405] sd 0:0:0:0: [sda] Attached SCSI disk
[    3.221089] Freeing unused decrypted memory: 2036K
[    3.222581] Freeing unused kernel image (initmem) memory: 2540K
[    3.228450] Write protecting the kernel read-only data: 26624k
[    3.229805] Freeing unused kernel image (text/rodata gap) memory: 2036K
[    3.230206] Freeing unused kernel image (rodata/data gap) memory: 500K
[    3.303526] x86/mm: Checked W+X mappings: passed, no W+X pages found.
[    3.303536] rodata_test: all tests were successful
[    3.303595] Run /init as init process
[    3.303599]   with arguments:
[    3.303603]     /init
[    3.303605]     rhgb
[    3.303608]   with environment:
[    3.303610]     HOME=/
[    3.303612]     TERM=linux
[    3.303615]     BOOT_IMAGE=(hd0,gpt2)/vmlinuz-5.11.10-200.fc33.x86_64
[    3.307881] usb 1-4: New USB device found, idVendor=04ca, idProduct=7017, bcdDevice= 0.12
[    3.307893] usb 1-4: New USB device strings: Mfr=3, Product=1, SerialNumber=2
[    3.307898] usb 1-4: Product: TOSHIBA Web Camera - HD
[    3.307902] usb 1-4: Manufacturer: CE9D4Q2T9
[    3.307907] usb 1-4: SerialNumber: 200901010001
[    3.364575] systemd[1]: systemd v246.13-1.fc33 running in system mode. (+PAM +AUDIT +SELINUX +IMA -APPARMOR +SMACK +SYSVINIT +UTMP +LIBCRYPTSETUP +GCRYPT +GNUTLS +ACL +XZ +LZ4 +ZSTD +SECCOMP +BLKID +ELFUTILS +KMOD +IDN2 -IDN +PCRE2 default-hierarchy=unified)
[    3.377621] systemd[1]: Detected architecture x86-64.
[    3.377639] systemd[1]: Running in initial RAM disk.
[    3.377781] systemd[1]: Set hostname to <localhost.localdomain>.
[    3.378804] Lockdown: systemd: /dev/mem,kmem,port is restricted; see man kernel_lockdown.7
[    3.559057] systemd[1]: /usr/lib/systemd/system/plymouth-start.service:15: Unit configured to use KillMode=none. This is unsafe, as it disables systemd's process lifecycle management for the service. Please update your service to use a safer KillMode=, such as 'mixed' or 'control-group'. Support for KillMode=none is deprecated and will eventually be removed.
[    3.588388] systemd[1]: Queued start job for default target Initrd Default Target.
[    3.588733] random: systemd: uninitialized urandom read (16 bytes read)
[    3.588765] systemd[1]: Reached target Local File Systems.
[    3.588922] random: systemd: uninitialized urandom read (16 bytes read)
[    3.588947] systemd[1]: Reached target Slices.
[    3.589006] random: systemd: uninitialized urandom read (16 bytes read)
[    3.589032] systemd[1]: Reached target Swap.
[    3.589102] systemd[1]: Reached target Timers.
[    3.589520] systemd[1]: Listening on Journal Audit Socket.
[    3.589806] systemd[1]: Listening on Journal Socket (/dev/log).
[    3.590108] systemd[1]: Listening on Journal Socket.
[    3.590418] systemd[1]: Listening on udev Control Socket.
[    3.590649] systemd[1]: Listening on udev Kernel Socket.
[    3.590716] systemd[1]: Reached target Sockets.
[    3.594808] systemd[1]: Starting Create list of static device nodes for the current kernel...
[    3.597059] systemd[1]: Started Memstrack Anylazing Service.
[    3.599946] systemd[1]: Started Hardware RNG Entropy Gatherer Daemon.
[    3.604864] systemd[1]: Starting Journal Service...
[    3.607961] systemd[1]: Starting Load Kernel Modules...
[    3.610850] systemd[1]: Starting Setup Virtual Console...
[    3.613015] systemd[1]: Finished Create list of static device nodes for the current kernel.
[    3.616098] systemd[1]: Starting Create Static Device Nodes in /dev...
[    3.642260] systemd[1]: memstrack.service: Succeeded.
[    3.647420] psmouse serio1: elantech: assuming hardware version 4 (with firmware version 0x381f01)
[    3.649009] systemd[1]: Finished Create Static Device Nodes in /dev.
[    3.669020] fuse: init (API version 7.33)
[    3.672403] systemd[1]: Finished Load Kernel Modules.
[    3.674777] psmouse serio1: elantech: Synaptics capabilities query result 0x00, 0x14, 0x0c.
[    3.678834] systemd[1]: Starting Apply Kernel Variables...
[    3.699393] psmouse serio1: elantech: Elan sample query result 03, 0d, 65
[    3.702473] systemd[1]: Finished Apply Kernel Variables.
[    3.811651] input: ETPS/2 Elantech Touchpad as /devices/platform/i8042/serio1/input/input5
[    3.871768] systemd[1]: Started Journal Service.
[    3.871978] audit: type=1130 audit(1617082864.487:4): pid=1 uid=0 auid=4294967295 ses=4294967295 subj=kernel msg='unit=systemd-journald comm="systemd" exe="/usr/lib/systemd/systemd" hostname=? addr=? terminal=? res=success'
[    3.895875] audit: type=1130 audit(1617082864.511:5): pid=1 uid=0 auid=4294967295 ses=4294967295 subj=kernel msg='unit=systemd-vconsole-setup comm="systemd" exe="/usr/lib/systemd/systemd" hostname=? addr=? terminal=? res=success'
[    3.912843] audit: type=1130 audit(1617082864.528:6): pid=1 uid=0 auid=4294967295 ses=4294967295 subj=kernel msg='unit=systemd-tmpfiles-setup comm="systemd" exe="/usr/lib/systemd/systemd" hostname=? addr=? terminal=? res=success'
[    3.946252] audit: type=1130 audit(1617082864.559:7): pid=1 uid=0 auid=4294967295 ses=4294967295 subj=kernel msg='unit=dracut-cmdline-ask comm="systemd" exe="/usr/lib/systemd/systemd" hostname=? addr=? terminal=? res=success'
[    4.108400] audit: type=1130 audit(1617082864.721:8): pid=1 uid=0 auid=4294967295 ses=4294967295 subj=kernel msg='unit=dracut-cmdline comm="systemd" exe="/usr/lib/systemd/systemd" hostname=? addr=? terminal=? res=success'
[    4.188733] audit: type=1130 audit(1617082864.801:9): pid=1 uid=0 auid=4294967295 ses=4294967295 subj=kernel msg='unit=dracut-pre-udev comm="systemd" exe="/usr/lib/systemd/systemd" hostname=? addr=? terminal=? res=success'
[    4.188750] audit: type=1334 audit(1617082864.803:10): prog-id=6 op=LOAD
[    4.693625] ACPI: Video Device [VGA1] (multi-head: yes  rom: no  post: no)
[    4.718181] acpi device:37: registered as cooling_device4
[    4.718482] input: Video Bus as /devices/LNXSYSTM:00/LNXSYBUS:00/PNP0A08:00/LNXVIDEO:01/input/input6
[    4.940147] libphy: r8169: probed
[    4.940763] r8169 0000:01:00.0 eth0: RTL8106e, 20:1a:06:08:e0:d2, XID 449, IRQ 35
[    5.062420] BTRFS: device label fedora_localhost-live devid 1 transid 4219 /dev/sda3 scanned by systemd-udevd (341)
[    5.263571] r8169 0000:01:00.0 enp1s0: renamed from eth0
[    5.646316] [drm] radeon kernel modesetting enabled.
[    5.649406] checking generic (c0000000 420000) vs hw (c0000000 10000000)
[    5.649412] fb0: switching to radeondrmfb from EFI VGA
[    5.649570] radeon 0000:00:01.0: vgaarb: deactivate vga console
[    5.650114] [drm] initializing kernel modesetting (KABINI 0x1002:0x9832 0x1179:0xFAD0 0x00).
[    5.650157] [drm] doorbell mmio base: 0xD0000000
[    5.650161] [drm] doorbell mmio size: 8388608
[    5.650208] ATOM BIOS: AMD
[    5.650289] radeon 0000:00:01.0: VRAM: 512M 0x0000000000000000 - 0x000000001FFFFFFF (512M used)
[    5.650297] radeon 0000:00:01.0: GTT: 2048M 0x0000000020000000 - 0x000000009FFFFFFF
[    5.650309] [drm] Detected VRAM RAM=512M, BAR=256M
[    5.650312] [drm] RAM width 128bits DDR
[    5.653425] [TTM] Zone  kernel: Available graphics memory: 3777674 KiB
[    5.653431] [TTM] Zone   dma32: Available graphics memory: 2097152 KiB
[    5.653467] [drm] radeon: 512M of VRAM memory ready
[    5.653471] [drm] radeon: 2048M of GTT memory ready.
[    5.653501] [drm] Loading kabini Microcode
[    5.653823] [drm] Internal thermal controller without fan control
[    5.654421] [drm] radeon: dpm initialized
[    5.654611] [drm] Found UVD firmware Version: 1.64 Family ID: 9
[    5.657372] [drm] Found VCE firmware/feedback version 40.2.2 / 15!
[    5.657391] [drm] GART: num cpu pages 524288, num gpu pages 524288
[    5.673325] [drm] PCIE GART of 2048M enabled (table at 0x000000000030E000).
[    5.677483] radeon 0000:00:01.0: WB enabled
[    5.677510] radeon 0000:00:01.0: fence driver on ring 0 use gpu addr 0x0000000020000c00
[    5.677518] radeon 0000:00:01.0: fence driver on ring 1 use gpu addr 0x0000000020000c04
[    5.677523] radeon 0000:00:01.0: fence driver on ring 2 use gpu addr 0x0000000020000c08
[    5.677527] radeon 0000:00:01.0: fence driver on ring 3 use gpu addr 0x0000000020000c0c
[    5.677532] radeon 0000:00:01.0: fence driver on ring 4 use gpu addr 0x0000000020000c10
[    5.678430] radeon 0000:00:01.0: fence driver on ring 5 use gpu addr 0x0000000000078d30
[    5.681636] radeon 0000:00:01.0: fence driver on ring 6 use gpu addr 0x0000000020000c18
[    5.681643] radeon 0000:00:01.0: fence driver on ring 7 use gpu addr 0x0000000020000c1c
[    5.688458] radeon 0000:00:01.0: radeon: using MSI.
[    5.688503] [drm] radeon: irq initialized.
[    5.691193] [drm] ring test on 0 succeeded in 2 usecs
[    5.691276] [drm] ring test on 1 succeeded in 3 usecs
[    5.691302] [drm] ring test on 2 succeeded in 3 usecs
[    5.691550] [drm] ring test on 3 succeeded in 4 usecs
[    5.691562] [drm] ring test on 4 succeeded in 4 usecs
[    5.748371] [drm] ring test on 5 succeeded in 2 usecs
[    5.768397] [drm] UVD initialized successfully.
[    5.911393] [drm] ring test on 6 succeeded in 16 usecs
[    5.911410] [drm] ring test on 7 succeeded in 4 usecs
[    5.911413] [drm] VCE initialized successfully.
[    5.912327] [drm] ib test on ring 0 succeeded in 0 usecs
[    5.912518] [drm] ib test on ring 1 succeeded in 0 usecs
[    5.912684] [drm] ib test on ring 2 succeeded in 0 usecs
[    5.912850] [drm] ib test on ring 3 succeeded in 0 usecs
[    5.913017] [drm] ib test on ring 4 succeeded in 0 usecs
[    6.439449] [drm] ib test on ring 5 succeeded
[    6.465435] [drm] ib test on ring 6 succeeded
[    6.466121] [drm] ib test on ring 7 succeeded
[    6.523363] [drm] radeon atom DIG backlight initialized
[    6.523370] [drm] Radeon Display Connectors
[    6.523372] [drm] Connector 0:
[    6.523374] [drm]   LVDS-1
[    6.523376] [drm]   HPD1
[    6.523378] [drm]   DDC: 0x6530 0x6530 0x6534 0x6534 0x6538 0x6538 0x653c 0x653c
[    6.523384] [drm]   Encoders:
[    6.523386] [drm]     LCD1: INTERNAL_UNIPHY
[    6.523389] [drm] Connector 1:
[    6.523390] [drm]   HDMI-A-1
[    6.523392] [drm]   HPD2
[    6.523394] [drm]   DDC: 0x6540 0x6540 0x6544 0x6544 0x6548 0x6548 0x654c 0x654c
[    6.523399] [drm]   Encoders:
[    6.523400] [drm]     DFP1: INTERNAL_UNIPHY
[    6.523402] [drm] Connector 2:
[    6.523404] [drm]   VGA-1
[    6.523406] [drm]   DDC: 0x65c0 0x65c0 0x65c4 0x65c4 0x65c8 0x65c8 0x65cc 0x65cc
[    6.523411] [drm]   Encoders:
[    6.523412] [drm]     CRT1: INTERNAL_KLDSCP_DAC1
[    7.759467] [drm] fb mappable at 0xC0731000
[    7.759473] [drm] vram apper at 0xC0000000
[    7.759475] [drm] size 4325376
[    7.759477] [drm] fb depth is 24
[    7.759480] [drm]    pitch is 5632
[    7.759827] fbcon: radeondrmfb (fb0) is primary device
[    7.759832] fbcon: Deferring console take-over
[    7.759837] radeon 0000:00:01.0: [drm] fb0: radeondrmfb frame buffer device
[    7.774611] [drm] Initialized radeon 2.50.0 20080528 for 0000:00:01.0 on minor 0
[    7.791620] AMD-Vi: AMD IOMMUv2 driver by Joerg Roedel <jroedel@suse.de>
[    7.791629] AMD-Vi: AMD IOMMUv2 functionality not available on this system
[    8.704046] [drm] amdgpu kernel modesetting enabled.
[    8.704236] amdgpu: Ignoring ACPI CRAT on non-APU system
[    8.704245] Virtual CRAT table created for CPU
[    8.704276] amdgpu: Topology: Add CPU node
[    8.775691] kauditd_printk_skb: 5 callbacks suppressed
[    8.775700] audit: type=1130 audit(1617082869.389:16): pid=1 uid=0 auid=4294967295 ses=4294967295 subj=kernel msg='unit=dracut-initqueue comm="systemd" exe="/usr/lib/systemd/systemd" hostname=? addr=? terminal=? res=success'
[    8.828575] audit: type=1130 audit(1617082869.441:17): pid=1 uid=0 auid=4294967295 ses=4294967295 subj=kernel msg='unit=systemd-fsck-root comm="systemd" exe="/usr/lib/systemd/systemd" hostname=? addr=? terminal=? res=success'
[    8.870611] BTRFS info (device sda3): disk space caching is enabled
[    8.870625] BTRFS info (device sda3): has skinny extents
[    8.931371] BTRFS info (device sda3): enabling ssd optimizations
[    8.932336] random: fast init done
[    8.987101] audit: type=1334 audit(1617082869.602:18): prog-id=8 op=UNLOAD
[    8.987341] audit: type=1334 audit(1617082869.602:19): prog-id=7 op=UNLOAD
[    8.987651] audit: type=1334 audit(1617082869.603:20): prog-id=6 op=UNLOAD
[    8.991666] audit: type=1334 audit(1617082869.607:21): prog-id=5 op=UNLOAD
[    8.991822] audit: type=1334 audit(1617082869.607:22): prog-id=4 op=UNLOAD
[    8.992196] audit: type=1334 audit(1617082869.607:23): prog-id=3 op=UNLOAD
[    9.484230] audit: type=1334 audit(1617082870.099:24): prog-id=9 op=LOAD
[    9.484735] audit: type=1334 audit(1617082870.100:25): prog-id=10 op=LOAD
[    9.656956] random: crng init done
[    9.656967] random: 7 urandom warning(s) missed due to ratelimiting
[   10.419855] SELinux:  Permission watch in class filesystem not defined in policy.
[   10.419876] SELinux:  Permission watch in class file not defined in policy.
[   10.419879] SELinux:  Permission watch_mount in class file not defined in policy.
[   10.419882] SELinux:  Permission watch_sb in class file not defined in policy.
[   10.419885] SELinux:  Permission watch_with_perm in class file not defined in policy.
[   10.419888] SELinux:  Permission watch_reads in class file not defined in policy.
[   10.419896] SELinux:  Permission watch in class dir not defined in policy.
[   10.419898] SELinux:  Permission watch_mount in class dir not defined in policy.
[   10.419901] SELinux:  Permission watch_sb in class dir not defined in policy.
[   10.419904] SELinux:  Permission watch_with_perm in class dir not defined in policy.
[   10.419906] SELinux:  Permission watch_reads in class dir not defined in policy.
[   10.419915] SELinux:  Permission watch in class lnk_file not defined in policy.
[   10.419918] SELinux:  Permission watch_mount in class lnk_file not defined in policy.
[   10.419920] SELinux:  Permission watch_sb in class lnk_file not defined in policy.
[   10.419923] SELinux:  Permission watch_with_perm in class lnk_file not defined in policy.
[   10.419926] SELinux:  Permission watch_reads in class lnk_file not defined in policy.
[   10.419932] SELinux:  Permission watch in class chr_file not defined in policy.
[   10.419934] SELinux:  Permission watch_mount in class chr_file not defined in policy.
[   10.419937] SELinux:  Permission watch_sb in class chr_file not defined in policy.
[   10.419940] SELinux:  Permission watch_with_perm in class chr_file not defined in policy.
[   10.419943] SELinux:  Permission watch_reads in class chr_file not defined in policy.
[   10.419948] SELinux:  Permission watch in class blk_file not defined in policy.
[   10.419951] SELinux:  Permission watch_mount in class blk_file not defined in policy.
[   10.419953] SELinux:  Permission watch_sb in class blk_file not defined in policy.
[   10.419956] SELinux:  Permission watch_with_perm in class blk_file not defined in policy.
[   10.419958] SELinux:  Permission watch_reads in class blk_file not defined in policy.
[   10.419964] SELinux:  Permission watch in class sock_file not defined in policy.
[   10.419967] SELinux:  Permission watch_mount in class sock_file not defined in policy.
[   10.419969] SELinux:  Permission watch_sb in class sock_file not defined in policy.
[   10.419972] SELinux:  Permission watch_with_perm in class sock_file not defined in policy.
[   10.419974] SELinux:  Permission watch_reads in class sock_file not defined in policy.
[   10.419980] SELinux:  Permission watch in class fifo_file not defined in policy.
[   10.419982] SELinux:  Permission watch_mount in class fifo_file not defined in policy.
[   10.419985] SELinux:  Permission watch_sb in class fifo_file not defined in policy.
[   10.419987] SELinux:  Permission watch_with_perm in class fifo_file not defined in policy.
[   10.419990] SELinux:  Permission watch_reads in class fifo_file not defined in policy.
[   10.420111] SELinux:  Permission perfmon in class capability2 not defined in policy.
[   10.420114] SELinux:  Permission bpf in class capability2 not defined in policy.
[   10.420117] SELinux:  Permission checkpoint_restore in class capability2 not defined in policy.
[   10.420134] SELinux:  Permission perfmon in class cap2_userns not defined in policy.
[   10.420136] SELinux:  Permission bpf in class cap2_userns not defined in policy.
[   10.420139] SELinux:  Permission checkpoint_restore in class cap2_userns not defined in policy.
[   10.420232] SELinux:  Class perf_event not defined in policy.
[   10.420235] SELinux:  Class lockdown not defined in policy.
[   10.420237] SELinux: the above unknown classes and permissions will be allowed
[   10.427581] SELinux:  policy capability network_peer_controls=1
[   10.427594] SELinux:  policy capability open_perms=1
[   10.427597] SELinux:  policy capability extended_socket_class=1
[   10.427600] SELinux:  policy capability always_check_network=0
[   10.427602] SELinux:  policy capability cgroup_seclabel=1
[   10.427605] SELinux:  policy capability nnp_nosuid_transition=1
[   10.427607] SELinux:  policy capability genfs_seclabel_symlinks=0
[   10.480049] systemd[1]: Successfully loaded SELinux policy in 354.931ms.
[   10.641867] systemd[1]: Relabelled /dev, /dev/shm, /run, /sys/fs/cgroup in 108.989ms.
[   10.652757] systemd[1]: systemd v246.13-1.fc33 running in system mode. (+PAM +AUDIT +SELINUX +IMA -APPARMOR +SMACK +SYSVINIT +UTMP +LIBCRYPTSETUP +GCRYPT +GNUTLS +ACL +XZ +LZ4 +ZSTD +SECCOMP +BLKID +ELFUTILS +KMOD +IDN2 -IDN +PCRE2 default-hierarchy=unified)
[   10.664618] systemd[1]: Detected architecture x86-64.
[   10.665864] systemd[1]: Set hostname to <localhost.localdomain>.
[   10.667079] Lockdown: systemd: /dev/mem,kmem,port is restricted; see man kernel_lockdown.7
[   11.036064] systemd-sysv-generator[476]: SysV service '/etc/rc.d/init.d/livesys' lacks a native systemd unit file. Automatically generating a unit file for compatibility. Please update package to include a native systemd unit file, in order to make it more safe and robust.
[   11.036304] systemd-sysv-generator[476]: SysV service '/etc/rc.d/init.d/livesys-late' lacks a native systemd unit file. Automatically generating a unit file for compatibility. Please update package to include a native systemd unit file, in order to make it more safe and robust.
[   11.046103] zram_generator::generator[478]: Creating dev-zram0.swap for /dev/zram0 (3689MB)
[   11.067288] zram: Added device: zram0
[   11.146092] systemd[1]: /usr/lib/systemd/system/plymouth-start.service:15: Unit configured to use KillMode=none. This is unsafe, as it disables systemd's process lifecycle management for the service. Please update your service to use a safer KillMode=, such as 'mixed' or 'control-group'. Support for KillMode=none is deprecated and will eventually be removed.
[   11.249813] systemd[1]: /usr/lib/systemd/system/alsa-restore.service:15: Standard output type syslog is obsolete, automatically updating to journal. Please update your unit file, and consider removing the setting altogether.
[   11.287604] systemd[1]: /usr/lib/systemd/system/mcelog.service:8: Standard output type syslog is obsolete, automatically updating to journal. Please update your unit file, and consider removing the setting altogether.
[   11.532004] systemd[1]: initrd-switch-root.service: Succeeded.
[   11.532621] systemd[1]: Stopped Switch Root.
[   11.534032] systemd[1]: systemd-journald.service: Scheduled restart job, restart counter is at 1.
[   11.535104] systemd[1]: Created slice Virtual Machine and Container Slice.
[   11.535896] systemd[1]: Created slice system-getty.slice.
[   11.536644] systemd[1]: Created slice system-modprobe.slice.
[   11.537368] systemd[1]: Created slice system-swap\x2dcreate.slice.
[   11.538093] systemd[1]: Created slice system-systemd\x2dfsck.slice.
[   11.539025] systemd[1]: Created slice User and Session Slice.
[   11.539132] systemd[1]: Condition check resulted in Dispatch Password Requests to Console Directory Watch being skipped.
[   11.539608] systemd[1]: Started Forward Password Requests to Wall Directory Watch.
[   11.541709] systemd[1]: Set up automount Arbitrary Executable File Formats File System Automount Point.
[   11.541910] systemd[1]: Reached target Local Encrypted Volumes.
[   11.542003] systemd[1]: Reached target Login Prompts.
[   11.542124] systemd[1]: Stopped target Switch Root.
[   11.542217] systemd[1]: Stopped target Initrd File Systems.
[   11.542289] systemd[1]: Stopped target Initrd Root File System.
[   11.542524] systemd[1]: Reached target Slices.
[   11.544204] systemd[1]: Listening on Device-mapper event daemon FIFOs.
[   11.547670] systemd[1]: Listening on LVM2 poll daemon socket.
[   11.552615] systemd[1]: Listening on Process Core Dump Socket.
[   11.553137] systemd[1]: Listening on initctl Compatibility Named Pipe.
[   11.557402] systemd[1]: Listening on udev Control Socket.
[   11.558579] systemd[1]: Listening on udev Kernel Socket.
[   11.559736] systemd[1]: Listening on User Database Manager Socket.
[   11.563243] systemd[1]: Mounting Huge Pages File System...
[   11.567512] systemd[1]: Mounting POSIX Message Queue File System...
[   11.571704] systemd[1]: Mounting Kernel Debug File System...
[   11.572342] systemd[1]: Condition check resulted in Kernel Module supporting RPCSEC_GSS being skipped.
[   11.576328] systemd[1]: Starting Create list of static device nodes for the current kernel...
[   11.580082] systemd[1]: Starting Monitoring of LVM2 mirrors, snapshots etc. using dmeventd or progress polling...
[   11.583855] systemd[1]: Starting Load Kernel Module configfs...
[   11.587584] systemd[1]: Starting Load Kernel Module drm...
[   11.591747] systemd[1]: Starting Load Kernel Module fuse...
[   11.595540] systemd[1]: Starting Preprocess NFS configuration convertion...
[   11.596688] systemd[1]: plymouth-switch-root.service: Succeeded.
[   11.597533] systemd[1]: Stopped Plymouth switch root service.
[   11.598773] systemd[1]: Condition check resulted in Set Up Additional Binary Formats being skipped.
[   11.599393] systemd[1]: systemd-fsck-root.service: Succeeded.
[   11.600096] systemd[1]: Stopped File System Check on Root Device.
[   11.600494] systemd[1]: Stopped Journal Service.
[   11.607012] systemd[1]: Starting Journal Service...
[   11.611726] systemd[1]: Starting Load Kernel Modules...
[   11.615692] systemd[1]: Starting Remount Root and Kernel File Systems...
[   11.616257] systemd[1]: Condition check resulted in Repartition Root Disk being skipped.
[   11.620256] systemd[1]: Starting Coldplug All udev Devices...
[   11.623793] systemd[1]: sysroot.mount: Succeeded.
[   11.627864] systemd[1]: Mounted Huge Pages File System.
[   11.629479] systemd[1]: Mounted POSIX Message Queue File System.
[   11.630507] systemd[1]: Mounted Kernel Debug File System.
[   11.633282] systemd[1]: Finished Create list of static device nodes for the current kernel.
[   11.635509] systemd[1]: modprobe@configfs.service: Succeeded.
[   11.636313] systemd[1]: Finished Load Kernel Module configfs.
[   11.637802] systemd[1]: modprobe@drm.service: Succeeded.
[   11.638588] systemd[1]: Finished Load Kernel Module drm.
[   11.639900] systemd[1]: modprobe@fuse.service: Succeeded.
[   11.640839] systemd[1]: Finished Load Kernel Module fuse.
[   11.644247] systemd[1]: nfs-convert.service: Succeeded.
[   11.645041] systemd[1]: Finished Preprocess NFS configuration convertion.
[   11.650106] systemd[1]: Mounting FUSE Control File System...
[   11.655605] systemd[1]: Mounting Kernel Configuration File System...
[   11.663294] BTRFS info (device sda3): disk space caching is enabled
[   11.663830] systemd[1]: Finished Load Kernel Modules.
[   11.667997] systemd[1]: Finished Remount Root and Kernel File Systems.
[   11.668968] systemd[1]: Mounted FUSE Control File System.
[   11.670529] systemd[1]: Mounted Kernel Configuration File System.
[   11.671189] systemd[1]: Condition check resulted in OSTree Remount OS/ Bind Mounts being skipped.
[   11.671393] systemd[1]: Condition check resulted in First Boot Wizard being skipped.
[   11.672961] systemd[1]: Condition check resulted in Rebuild Hardware Database being skipped.
[   11.677008] systemd[1]: Starting Load/Save Random Seed...
[   11.680861] systemd[1]: Starting Apply Kernel Variables...
[   11.681216] systemd[1]: Condition check resulted in Create System Users being skipped.
[   11.684956] systemd[1]: Starting Create Static Device Nodes in /dev...
[   11.722632] systemd[1]: Finished Load/Save Random Seed.
[   11.732986] systemd[1]: Started Journal Service.
[   12.261654] acpi_cpufreq: overriding BIOS provided _PSD data
[   12.504593] toshiba_bluetooth: Toshiba ACPI Bluetooth device driver
[   12.549035] piix4_smbus 0000:00:14.0: SMBus Host Controller at 0xb00, revision 0
[   12.549049] piix4_smbus 0000:00:14.0: Using register 0x02 for SMBus port selection
[   12.549187] piix4_smbus 0000:00:14.0: Auxiliary SMBus Host Controller at 0xb20
[   12.568108] sp5100_tco: SP5100/SB800 TCO WatchDog Timer Driver
[   12.568387] sp5100-tco sp5100-tco: Using 0xfed80b00 for watchdog MMIO address
[   12.595662] toshiba_acpi: Toshiba Laptop ACPI Extras version 0.24
[   12.596071] sp5100-tco sp5100-tco: initialized. heartbeat=60 sec (nowayout=0)
[   12.622247] input: PC Speaker as /devices/platform/pcspkr/input/input7
[   12.703040] input: Toshiba input device as /devices/virtual/input/input8
[   12.933090] zram0: detected capacity change from 0 to 7555072
[   13.003395] usb 3-2: new full-speed USB device number 2 using ohci-pci
[   13.005368] EXT4-fs (sda2): mounted filesystem with ordered data mode. Opts: (null). Quota mode: none.
[   13.033469] Adding 3777532k swap on /dev/zram0.  Priority:100 extents:1 across:3777532k SSFS
[   13.164474] usb 3-2: New USB device found, idVendor=0930, idProduct=0220, bcdDevice= 0.01
[   13.164491] usb 3-2: New USB device strings: Mfr=0, Product=0, SerialNumber=0
[   13.235313] cfg80211: Loading compiled-in X.509 certificates for regulatory database
[   13.243936] cfg80211: Loaded X.509 cert 'sforshee: 00b28ddf47aef9cea7'
[   13.245985] platform regulatory.0: Direct firmware load for regulatory.db failed with error -2
[   13.246003] cfg80211: failed to load regulatory.db
[   13.406888] toshiba_acpi: Supported laptop features: hotkeys touchpad usb-sleep-charge usb-rapid-charge special-function-keys panel-power-on usb3 cooling-method
[   13.456687] kvm: Nested Virtualization enabled
[   13.456710] SVM: kvm: Nested Paging enabled
[   13.481480] MCE: In-kernel MCE decoding enabled.
[   13.520519] EDAC amd64: F16h detected (node 0).
[   13.520574] EDAC amd64: Node 0: DRAM ECC disabled.
[   13.540892] EDAC amd64: F16h detected (node 0).
[   13.540945] EDAC amd64: Node 0: DRAM ECC disabled.
[   13.558874] EDAC amd64: F16h detected (node 0).
[   13.558927] EDAC amd64: Node 0: DRAM ECC disabled.
[   13.575863] EDAC amd64: F16h detected (node 0).
[   13.575916] EDAC amd64: Node 0: DRAM ECC disabled.
[   13.578513] snd_hda_intel 0000:00:01.1: enabling device (0000 -> 0002)
[   13.578748] snd_hda_intel 0000:00:01.1: Force to non-snoop mode
[   13.644205] input: HDA ATI HDMI HDMI/DP,pcm=3 as /devices/pci0000:00/0000:00:01.1/sound/card0/input9
[   13.644500] input: HDA ATI HDMI HDMI/DP,pcm=7 as /devices/pci0000:00/0000:00:01.1/sound/card0/input10
[   13.658393] snd_hda_codec_realtek hdaudioC1D0: autoconfig for ALC269VC: line_outs=1 (0x14/0x0/0x0/0x0/0x0) type:speaker
[   13.658412] snd_hda_codec_realtek hdaudioC1D0:    speaker_outs=0 (0x0/0x0/0x0/0x0/0x0)
[   13.658418] snd_hda_codec_realtek hdaudioC1D0:    hp_outs=1 (0x15/0x0/0x0/0x0/0x0)
[   13.658424] snd_hda_codec_realtek hdaudioC1D0:    mono: mono_out=0x0
[   13.658428] snd_hda_codec_realtek hdaudioC1D0:    inputs:
[   13.658432] snd_hda_codec_realtek hdaudioC1D0:      Mic=0x18
[   13.658436] snd_hda_codec_realtek hdaudioC1D0:      Internal Mic=0x12
[   13.671974] input: HD-Audio Generic Mic as /devices/pci0000:00/0000:00:14.2/sound/card1/input11
[   13.672138] input: HD-Audio Generic Headphone as /devices/pci0000:00/0000:00:14.2/sound/card1/input12
[   13.878423] mc: Linux media interface: v0.10
[   13.896026] RPC: Registered named UNIX socket transport module.
[   13.896036] RPC: Registered udp transport module.
[   13.896039] RPC: Registered tcp transport module.
[   13.896042] RPC: Registered tcp NFSv4.1 backchannel transport module.
[   14.019972] videodev: Linux video capture interface: v2.00
[   14.236906] Bluetooth: Core ver 2.22
[   14.237180] NET: Registered protocol family 31
[   14.237184] Bluetooth: HCI device and connection manager initialized
[   14.253727] Bluetooth: HCI socket layer initialized
[   14.253743] Bluetooth: L2CAP socket layer initialized
[   14.253770] Bluetooth: SCO socket layer initialized
[   14.607860] usbcore: registered new interface driver btusb
[   14.662551] ath9k 0000:02:00.0: enabling device (0000 -> 0002)
[   14.662847] ath: phy0: WB335 2-ANT card detected
[   14.662853] ath: phy0: Set BT/WLAN RX diversity capability
[   14.679275] ath: phy0: Enable LNA combining
[   14.680460] ath: phy0: ASPM enabled: 0x42
[   14.680480] ath: EEPROM regdomain: 0x65
[   14.680483] ath: EEPROM indicates we should expect a direct regpair map
[   14.680489] ath: Country alpha2 being used: 00
[   14.680492] ath: Regpair used: 0x65
[   14.690062] ieee80211 phy0: Selected rate control algorithm 'minstrel_ht'
[   14.691763] ieee80211 phy0: Atheros AR9565 Rev:0 mem=0xffffb0e681080000, irq=40
[   14.893816] usb 3-2: USB disconnect, device number 2
[   14.895641] usbcore: registered new interface driver ath3k
[   14.945723] ath9k 0000:02:00.0 wlp2s0: renamed from wlan0
[   14.994568] uvcvideo: Found UVC 1.00 device TOSHIBA Web Camera - HD (04ca:7017)
[   15.033603] input: TOSHIBA Web Camera - HD: TOSHIB as /devices/pci0000:00/0000:00:12.2/usb1/1-4/1-4:1.0/input/input13
[   15.033987] usbcore: registered new interface driver uvcvideo
[   15.033992] USB Video Class driver (1.1.1)
[   15.373384] usb 3-2: new full-speed USB device number 3 using ohci-pci
[   17.542805] RTL8208 Fast Ethernet r8169-100:00: attached PHY driver (mii_bus:phy_addr=r8169-100:00, irq=IGNORE)
[   17.821784] r8169 0000:01:00.0 enp1s0: Link is Down
[   19.927807] wlp2s0: authenticate with 74:ac:b9:2a:aa:8a
[   19.942657] wlp2s0: send auth to 74:ac:b9:2a:aa:8a (try 1/3)
[   19.945302] wlp2s0: authenticated
[   19.955380] wlp2s0: associate with 74:ac:b9:2a:aa:8a (try 1/3)
[   19.960411] wlp2s0: RX AssocResp from 74:ac:b9:2a:aa:8a (capab=0x431 status=0 aid=2)
[   19.960574] wlp2s0: associated
[   20.074316] IPv6: ADDRCONF(NETDEV_CHANGE): wlp2s0: link becomes ready
[   20.855623] usb 3-2: New USB device found, idVendor=0930, idProduct=0220, bcdDevice= 0.02
[   20.855638] usb 3-2: New USB device strings: Mfr=0, Product=0, SerialNumber=0
[   21.115745] Bluetooth: BNEP (Ethernet Emulation) ver 1.3
[   21.115756] Bluetooth: BNEP filters: protocol multicast
[   21.115766] Bluetooth: BNEP socket layer initialized
[   24.478476] bridge: filtering via arp/ip/ip6tables is no longer available by default. Update your scripts to load br_netfilter if you need this.
[   24.502619] tun: Universal TUN/TAP device driver, 1.6
[   24.510890] virbr0: port 1(virbr0-nic) entered blocking state
[   24.510905] virbr0: port 1(virbr0-nic) entered disabled state
[   24.515301] device virbr0-nic entered promiscuous mode
[   26.904578] virbr0: port 1(virbr0-nic) entered blocking state
[   26.904595] virbr0: port 1(virbr0-nic) entered listening state
[   27.173868] virbr0: port 1(virbr0-nic) entered disabled state
[   31.725602] Lockdown: systemd-logind: hibernation is restricted; see man kernel_lockdown.7
[   33.003138] rfkill: input handler disabled
[   46.617840] rfkill: input handler enabled
[   48.065437] Bluetooth: RFCOMM TTY layer initialized
[   48.065466] Bluetooth: RFCOMM socket layer initialized
[   48.065633] Bluetooth: RFCOMM ver 1.11
[   51.000993] Lockdown: systemd-logind: hibernation is restricted; see man kernel_lockdown.7
[   51.149057] wlp2s0: authenticate with e0:63:da:3a:93:8b
[   51.163251] wlp2s0: send auth to e0:63:da:3a:93:8b (try 1/3)
[   51.167636] wlp2s0: authenticated
[   51.170390] wlp2s0: associate with e0:63:da:3a:93:8b (try 1/3)
[   51.178967] wlp2s0: RX AssocResp from e0:63:da:3a:93:8b (capab=0x431 status=0 aid=3)
[   51.179126] wlp2s0: associated
[   52.764077] rfkill: input handler disabled
[   56.014582] Lockdown: fwupd: /dev/mem,kmem,port is restricted; see man kernel_lockdown.7
[   71.834936] wlp2s0: disconnect from AP e0:63:da:3a:93:8b for new auth to 74:ac:b9:2a:aa:8a
[   71.847445] wlp2s0: authenticate with 74:ac:b9:2a:aa:8a
[   71.863687] wlp2s0: send auth to 74:ac:b9:2a:aa:8a (try 1/3)
[   71.874252] wlp2s0: authenticated
[   71.886403] wlp2s0: associate with 74:ac:b9:2a:aa:8a (try 1/3)
[   71.897636] wlp2s0: RX ReassocResp from 74:ac:b9:2a:aa:8a (capab=0x431 status=0 aid=2)
[   71.897797] wlp2s0: associated
[  429.255433] zram_generator::generator[3265]: Creating dev-zram0.swap for /dev/zram0 (3689MB)
[  429.275630] systemd-sysv-generator[3262]: SysV service '/etc/rc.d/init.d/livesys' lacks a native systemd unit file. Automatically generating a unit file for compatibility. Please update package to include a native systemd unit file, in order to make it more safe and robust.
[  429.275784] systemd-sysv-generator[3262]: SysV service '/etc/rc.d/init.d/livesys-late' lacks a native systemd unit file. Automatically generating a unit file for compatibility. Please update package to include a native systemd unit file, in order to make it more safe and robust.
[  636.805081] process '/cgz2Yyyk/dummy' started with executable stack
[ 1424.647394] perf: interrupt took too long (2509 > 2500), lowering kernel.perf_event_max_sample_rate to 79000
